patched goptical focal-length parser in detached worktree
torch 2.14.0+cu130 cuda 13.0 devices 2
+ git fetch --depth 1 origin master
From https://github.com/dibyendumajumdar/goptical
 * branch            master     -> FETCH_HEAD

+ git reset --hard origin/master
HEAD is now at b050431 Merge branch 'master' of https://github.com/dibyendumajumdar/goptical

parsed human prescriptions 20
/var/lib/cots-lamcts/jobs/opt10-meta-20260910-0048/src/validation/opt10_workstation_meta.py:190: UserWarning: enable_nested_tensor is True, but self.use_nested_tensor is False because encoder_layer.norm_first was True
  self.enc=nn.TransformerEncoder(el,layers,norm=nn.LayerNorm(d)); self.recon=nn.Linear(d,FIELDS)
scratch 17 {'spearman': 0.6691729323308271, 'kendall': 0.46623376623376633, 'top_quartile_precision': 0.35714285714285715, 'pred_top8_mean_J': 50.1558656638438, 'pred_top8_best_J': 42.5308785345728}
/var/lib/cots-lamcts/jobs/opt10-meta-20260910-0048/src/validation/opt10_workstation_meta.py:190: UserWarning: enable_nested_tensor is True, but self.use_nested_tensor is False because encoder_layer.norm_first was True
  self.enc=nn.TransformerEncoder(el,layers,norm=nn.LayerNorm(d)); self.recon=nn.Linear(d,FIELDS)
scratch 43 {'spearman': 0.6116883116883117, 'kendall': 0.438961038961039, 'top_quartile_precision': 0.42857142857142855, 'pred_top8_mean_J': 47.82869181476424, 'pred_top8_best_J': 42.5308785345728}
scratch 89 {'spearman': 0.6488721804511278, 'kendall': 0.4571428571428572, 'top_quartile_precision': 0.35714285714285715, 'pred_top8_mean_J': 51.18192048979944, 'pred_top8_best_J': 40.690697235599984}
scratch 131 {'spearman': 0.5552289815447711, 'kendall': 0.39090909090909093, 'top_quartile_precision': 0.42857142857142855, 'pred_top8_mean_J': 48.140132750639054, 'pred_top8_best_J': 43.66285369602383}
scratch 211 {'spearman': 0.7218045112781956, 'kendall': 0.5207792207792209, 'top_quartile_precision': 0.5, 'pred_top8_mean_J': 48.661061042343036, 'pred_top8_best_J': 42.5308785345728}
pretrain 17 0 1.519934892654419
pretrain 17 50 0.5542294979095459
pretrain 17 100 0.37617355585098267
pretrain 17 150 0.29513227939605713
pretrain 17 200 0.21215558052062988
pretrained 17 {'spearman': 0.6745727956254273, 'kendall': 0.5155844155844157, 'top_quartile_precision': 0.7142857142857143, 'pred_top8_mean_J': 45.567862188092036, 'pred_top8_best_J': 40.690697235599984}
pretrain 43 0 1.954609990119934
pretrain 43 50 0.5541821122169495
pretrain 43 100 0.3762812316417694
pretrain 43 150 0.26993483304977417
pretrain 43 200 0.20439453423023224
pretrained 43 {'spearman': 0.6538619275461381, 'kendall': 0.49870129870129876, 'top_quartile_precision': 0.5, 'pred_top8_mean_J': 65.45861386052287, 'pred_top8_best_J': 43.66867971843145}
pretrain 89 0 1.8062134981155396
pretrain 89 50 0.5356363654136658
pretrain 89 100 0.36858102679252625
pretrain 89 150 0.27626293897628784
pretrain 89 200 0.20323097705841064
pretrained 89 {'spearman': 0.7300068352699931, 'kendall': 0.551948051948052, 'top_quartile_precision': 0.5, 'pred_top8_mean_J': 47.33479900434565, 'pred_top8_best_J': 43.66285369602383}
pretrain 131 0 1.575800895690918
pretrain 131 50 0.5767722725868225
pretrain 131 100 0.35773128271102905
pretrain 131 150 0.27521511912345886
pretrain 131 200 0.2096923440694809
pretrained 131 {'spearman': 0.6261107313738893, 'kendall': 0.4675324675324676, 'top_quartile_precision': 0.5714285714285714, 'pred_top8_mean_J': 57.53504173168715, 'pred_top8_best_J': 28.588383287657}
pretrain 211 0 1.0863170623779297
pretrain 211 50 0.5279580950737
pretrain 211 100 0.3520737588405609
pretrain 211 150 0.256515234708786
pretrain 211 200 0.19391247630119324
pretrained 211 {'spearman': 0.09753930280246072, 'kendall': 0.06623376623376624, 'top_quartile_precision': 0.21428571428571427, 'pred_top8_mean_J': 88.06859181089514, 'pred_top8_best_J': 40.690697235599984}
ranking pool 200000
Q4096 prospective unique 48 overlap scratch/opt 0
Q4096 [5, 52, 55, 33, 0, 3, 0, 4] J 51.25282436830708
Q4096 [53, 60, 57, 47, 0, 3, 0, 3] J 59.35260777966515
Q4096 [53, 36, 57, 40, 0, 0, 0, 3] J 51.350560656202866
Q4096 [21, 28, 47, 33, 0, 4, 0, 2] J 50.884021292323375
Q4096 [69, 28, 57, 15, 0, 4, 0, 2] J 49.450268417492175
Q4096 [53, 44, 15, 57, 0, 4, 1, 4] J 51.41309241847224
Q4096 [13, 12, 14, 57, 1, 2, 1, 4] J 50.6548644921127
Q4096 [13, 12, 14, 56, 2, 1, 2, 0] J 45.42666845662208
Q4096 [45, 12, 63, 57, 2, 4, 2, 0] J 53.50184458304025
Q4096 [29, 60, 23, 57, 4, 2, 1, 1] J 56.20155696120388
Q4096 [13, 52, 33, 62, 2, 2, 0, 4] J 51.19489968592381
Q4096 [61, 36, 22, 32, 2, 1, 1, 4] J 63.116678881741514
Q4096 [21, 68, 55, 33, 4, 4, 0, 0] J 51.10154417654028
Q4096 [5, 52, 15, 57, 3, 3, 3, 2] J 51.736763924818106
Q4096 [13, 52, 54, 56, 3, 0, 3, 4] J 45.53561089010019
Q4096 [59, 53, 32, 41, 3, 0, 0, 1] J 52.366074968293546
Q4096 [59, 53, 14, 57, 1, 2, 0, 4] J 49.44482878089434
Q4096 [36, 21, 39, 33, 0, 1, 3, 0] J 43.79025853023504
Q4096 [35, 53, 6, 32, 1, 1, 2, 3] J 46.556135835178836
Q4096 [35, 53, 70, 57, 4, 4, 0, 3] J 49.37561233080745
Q4096 [35, 29, 17, 56, 4, 0, 2, 3] J 50.96017794024295
Q4096 [12, 53, 14, 56, 3, 0, 0, 0] J 40.05587269601315
Q4096 [11, 45, 38, 56, 4, 3, 0, 4] J 54.19032156786775
Q4096 [60, 53, 56, 17, 2, 2, 1, 3] J 42.79201424991712
Q4096 [56, 17, 21, 66, 4, 4, 4, 3] J 145.35519036238992
Q4096 [35, 69, 54, 33, 4, 3, 0, 4] J 48.558272375305904
Q4096 [11, 13, 14, 32, 0, 3, 0, 0] J 49.74656665270013
Q4096 [66, 70, 22, 56, 4, 3, 4, 4] J 64.31752754741264
Q4096 [60, 5, 32, 49, 0, 1, 0, 1] J 43.1804816371246
Q4096 [11, 5, 41, 56, 1, 2, 0, 1] J 53.97905028191869
Q4096 [52, 45, 54, 56, 3, 4, 0, 4] J 42.76922280044822
Q4096 [35, 61, 56, 30, 4, 4, 0, 0] J 44.44152780852345
Q4096 [68, 69, 32, 38, 0, 3, 0, 4] J 46.591423039331964
Q4096 [34, 68, 53, 46, 3, 0, 2, 3] J 158.97302988678044
Q4096 [45, 61, 8, 60, 3, 3, 0, 1] J 152.71649800339327
Q4096 [8, 64, 61, 29, 0, 2, 2, 1] J 193.0411274129886
Q4096 [13, 64, 52, 38, 1, 4, 0, 4] J 40.75348584958519
Q4096 [48, 21, 60, 62, 3, 1, 4, 0] J 28.535217369918414
Q4096 [48, 50, 54, 44, 0, 1, 0, 2] J 44.00758208226457
Q4096 [64, 66, 41, 32, 3, 4, 0, 1] J 52.45164945210218
Q4096 [52, 21, 30, 56, 3, 1, 1, 2] J 43.49998495154132
Q4096 [70, 2, 39, 27, 2, 3, 3, 2] J 58.76392024939343
Q4096 [42, 29, 20, 54, 3, 2, 0, 1] J 377.1785395071687
Q4096 [34, 42, 40, 59, 1, 1, 0, 4] J 111.51708770467371
Q4096 [67, 37, 44, 69, 1, 4, 4, 1] J 81.32567082157418
Q4096 [4, 41, 27, 34, 0, 0, 1, 2] J 129.76644721755792
Q4096 [27, 53, 11, 34, 4, 2, 1, 3] J 117.32702147086684
Q4096 [11, 23, 12, 11, 2, 4, 0, 3] J 304.9527402217381
{
  "human": 20,
  "offline": {
    "scratch": {
      "spearman": 0.7025290498974711,
      "kendall": 0.5051948051948052,
      "top_quartile_precision": 0.5,
      "pred_top8_mean_J": 47.597221137318215,
      "pred_top8_best_J": 42.5308785345728
    },
    "pretrained": {
      "spearman": 0.7229665071770336,
      "kendall": 0.538961038961039,
      "top_quartile_precision": 0.5714285714285714,
      "pred_top8_mean_J": 46.67467710555914,
      "pred_top8_best_J": 42.5308785345728
    }
  },
  "bootstrap": {
    "mean": 0.02172254045459786,
    "p_delta_le_0": 0.3076,
    "q025": -0.06786391984452136,
    "q975": 0.11191230653062824
  },
  "prospective": {
    "scratch": {
      "mean_J": 51.622754094675045,
      "median_J": 51.223862027115445,
      "best_J": 43.79025853023504,
      "worst_J": 63.116678881741514
    },
    "opt10": {
      "mean_J": 47.40672299475684,
      "median_J": 47.57484770731894,
      "best_J": 40.05587269601315,
      "worst_J": 54.19032156786775
    },
    "random": {
      "mean_J": 128.811420947488,
      "median_J": 114.42205458777028,
      "best_J": 28.535217369918414,
      "worst_J": 377.1785395071687
    },
    "stats": {}
  },
  "elapsed_sec": 132.36644506454468
}
