[descriptive data]
title	US 8,736,971 Example 3 (Canon EF24-70mm f2.8L II USM)
[constants]
[variable distances]
Focal Length	24.70	34.93	67.88
Angle of View	82.44	63.54	35.36
F-Number	2.91	2.91	2.91
Image Height	43.28	43.28	43.28
Total Length	154.56	162.05	185.77
Magnification	0	0	0
d0	Infinity	Infinity	Infinity
d5	2.75	11.72	30.30
d15	13.76	7.73	0.23
d24	8.79	4.80	0.74
d33	38.08	46.62	63.32
Bf	38.08	46.62	63.32
Aperture Diameter	18.596	20.716	25.645
[lens data]
1	203.844	2.10	1.84666	68.04	23.9
2	72.022	7.41	1.77250	64.08	49.6
3	330.893	0.15		68.44	
4	56.152	6.73	1.77250	58.74	49.6
5	146.214	d5		56.98	
6	108.833	1.60	1.88300	33.62	40.8
7	16.535	7.96		24.88	
8	-46.335	1.15	1.59522	23.66	67.7
9	21.502	4.18	1.88300	21.06	40.8
10	66.987	1.43		23.80	
11	126.217	3.10	1.59270	21.60	35.3
12	-49.936	1.62		21.60	
13	-23.459	1.15	1.72916	22.16	54.7
14	432.841	2.76	1.84666	24.76	23.9
15	-57.478	d15		24.76	
16	AS	1.90		18.596
17	FS	0.00		27.00
18	27.563	1.45	1.88300	30.08	40.8
19	21.272	11.03	1.49700	30.08	81.5
20	-66.483	0.20		30.08	
21	43.019	2.70	1.58313	29.40	59.4
22	63.198	4.67		29.40	
23	-45.003	1.40	1.72047	29.40	34.7
24	-151.840	d24		29.40	
25	31.049	6.94	1.43875	31.02	94.9
26	-216.866	0.20		31.02	
27	47.221	5.86	1.49700	31.02	81.5
28	-71.326	1.90		31.02	
29	-208.068	2.13	1.85006	29.26	40.2
30	86.193	2.76		29.26	
31	-613.677	1.40	1.83400	29.48	37.2
32	57.864	5.29	1.51633	29.48	64.1
33	-61.669	Bf		29.48	
[aspherical data]
6	108.833	0	7.24687E-06	-9.33789E-09	2.38226E-11	-5.23831E-14	8.03521E-17
22	63.198	0	5.45182E-06	4.70739E-09	2.06430E-13	7.16170E-14	-2.30646E-17
29	-208.068	0	2.73159E-05	-1.56554E-07	4.00484E-10	-7.50876E-13	7.01430E-16
30	86.193	0	4.42990E-05	-1.33910E-07	3.22402E-10	-4.40140E-13	2.46872E-16
[group data]
L1	1	5	105.87
L2	6	15	-16.39
L3	16	24	58.01
L4	25	33	-46.14
lp	11	12	60.64
[figure]
source	Data/US008736971_Figure05.png
originX	62.04
originY	264.69
ppmm	6.579
[figure]
source	Data/US008736971_Figure05P.png
originX	9.47
originY	121.46
ppmm	2.702
[notes]

