Q reference-posthoc 0 (0, 2, 4, 6) 11.906835229630682
/var/lib/cots-lamcts/jobs/optv1-transformer-only-lamcts-mandler-full-20260910-1536/src/validation/opt10_pretrain_completion_run.py:42: UserWarning: enable_nested_tensor is True, but self.use_nested_tensor is False because encoder_layer.norm_first was True
  self.enc=nn.TransformerEncoder(el,layers,norm=nn.LayerNorm(d));self.recon=nn.Linear(d,B.FIELDS)
Q init-s17 2 (2, 15, 32, 27) 2391.8522247719043
Q init-s17 25 (44, 51, 7, 35) 1745.8578636937568
Q init-s17 16 (56, 40, 58, 17) 103.65800211583569
Q init-s17 10 (34, 11, 41, 33) 60.37343003231818
Q init-s17 0 (53, 60, 7, 11) 155.62744057006842
Q init-s17 21 (66, 8, 36, 65) 60.0101904711403
Q init-s17 27 (29, 39, 56, 36) 41.73341873518222
Q init-s17 11 (29, 40, 10, 32) 74.8787072914369
Q init-s17 29 (42, 6, 25, 17) 53.058261761917926
Q init-s17 5 (42, 18, 26, 43) 198.2346101031899
Q init-s17 9 (35, 0, 50, 12) 322.6326091465428
Q init-s17 20 (53, 47, 48, 39) 79.69042640194384
Q init-s17 13 (24, 28, 58, 14) 43.64706233648576
Q init-s17 24 (0, 44, 3, 39) 76.27408426546016
Q init-s17 18 (16, 37, 59, 20) 131.37266054318187
Q init-s17 1 (32, 40, 54, 26) 163.30471620742955
Q init-s17 26 (37, 60, 0, 25) 51.145393507191706
Q init-s17 8 (46, 40, 53, 43) 116.60513415799379
Q init-s17 7 (49, 59, 29, 2) 104.68014810785999
Q init-s17 45 (37, 62, 2, 32) 46.32661422315007
Q init-s17 6 (11, 6, 50, 71) 42.7497238476047
Q init-s17 3 (65, 30, 45, 44) 97.14363205201201
Q init-s17 46 (2, 45, 66, 65) 101.4354264615259
Q init-s17 42 (47, 39, 21, 6) 134.72574396976748
Q init-s17 19 (40, 45, 15, 34) 229.19553525117652
Q init-s17 23 (3, 12, 68, 24) 156.10170186265998
Q init-s17 47 (38, 39, 32, 11) 78.82999053646724
Q init-s17 17 (11, 47, 17, 47) 66.10315173739521
Q init-s17 39 (7, 36, 14, 0) 90.06021633422661
Q init-s17 44 (37, 31, 14, 18) 140.9919206267863
Q init-s17 48 (2, 51, 3, 67) 130.70566271045774
Q init-s17 15 (19, 25, 61, 71) 39.16483588653191
Q init-s17 28 (54, 1, 21, 16) 136.99068040534024
Q init-s17 37 (14, 52, 14, 44) 39.64915594377625
Q init-s17 33 (32, 45, 17, 37) 45.285825068809736
Q init-s17 50 (36, 62, 23, 11) 42.606041771452965
Q init-s17 32 (12, 60, 61, 29) 190.15421973813224
Q init-s17 34 (71, 16, 40, 14) 116.67018484098655
Q init-s17 12 (51, 66, 15, 58) 108.97525436329202
Q init-s17 55 (8, 58, 30, 11) 60.408235145625
Q init-s17 31 (62, 26, 0, 46) 65.34830322308629
Q init-s17 60 (53, 54, 30, 24) 80.63910462988761
Q init-s17 36 (65, 42, 37, 50) 526.3250468348704
Q init-s17 58 (2, 32, 17, 31) 49.8207624646379
Q init-s17 62 (18, 54, 35, 28) 186.5940475716605
Q init-s17 56 (13, 50, 58, 37) 160.11868026568644
Q init-s17 59 (32, 19, 34, 26) 117.31930071550977
Q init-s17 30 (67, 0, 47, 21) 44.872344808827215
Q init-s17 38 (52, 17, 19, 31) 43.411108516617624
Q init-s17 69 (24, 62, 16, 68) 94.55897654111172
Q init-s17 63 (48, 12, 48, 0) 73.58868222244564
Q init-s17 22 (30, 1, 70, 22) 96.68905728209786
Q init-s17 65 (29, 27, 18, 7) 159.98367091336996
Q init-s17 67 (2, 28, 58, 62) 130.77057483607328
Q init-s17 66 (7, 3, 47, 63) 73.35146030644914
Q init-s17 53 (23, 58, 70, 9) 70.15727912732675
Q init-s17 72 (15, 56, 45, 25) 109.14544954969956
Q init-s17 71 (58, 46, 11, 35) 168.02398438008308
Q init-s17 76 (2, 4, 15, 44) 917.5689935616708
Q init-s17 40 (6, 21, 40, 25) 79.21545122299155
Q init-s17 41 (15, 0, 31, 40) 134.94730144982222
Q init-s17 35 (57, 32, 55, 57) 76.23853709731206
Q init-s17 14 (17, 25, 46, 62) 84.73782064136219
Q init-s17 64 (69, 29, 67, 33) 297.8114346865592
Q init-s17 78 (69, 12, 70, 38) 53.37351642358012
Q init-s17 88 (35, 3, 39, 29) 1484.1125463987566
Q init-s17 4 (6, 53, 3, 1) 36.23452497038776
Q init-s17 52 (27, 39, 64, 66) 36.28658791502771
Q init-s17 87 (45, 16, 42, 15) 71.7634749307085
Q init-s17 77 (16, 64, 7, 42) 374.7434092673408
Q init-s17 68 (30, 59, 43, 41) 68.92350551610774
Q init-s17 83 (50, 63, 27, 60) 155.26981402045016
Q init-s17 92 (71, 64, 50, 71) 164.25648506977709
Q init-s17 51 (28, 56, 43, 34) 102.17181920643502
Q init-s17 57 (27, 5, 45, 37) 93.80554708937215
Q init-s17 90 (5, 44, 47, 24) 53.00667955979954
Q init-s17 91 (29, 19, 40, 53) 425.8999588311438
Q init-s17 89 (8, 3, 62, 65) 50.78227761255484
Q init-s17 74 (58, 42, 1, 32) 136.7455920908039
Q init-s17 95 (34, 57, 41, 27) 334.37736418580744
Q init-s17 86 (46, 43, 28, 10) 106.39101213957866
Q init-s17 81 (43, 37, 45, 41) 411.1893925449774
Q init-s17 61 (1, 61, 27, 50) 259.23637112087107
Q init-s17 85 (44, 67, 50, 48) 86.48212240024752
Q init-s17 73 (43, 49, 48, 26) 40.09380633914334
Q init-s17 49 (55, 30, 65, 47) 105.94475489384702
Q init-s17 82 (11, 6, 67, 9) 49.279368850553155
Q init-s17 43 (41, 17, 3, 65) 49.74384464453187
Q init-s17 94 (35, 70, 7, 42) 68.3574155426922
Q init-s17 84 (59, 48, 46, 50) 41.49015605922069
Q init-s17 75 (28, 15, 60, 23) 48.92542588317928
Q init-s17 54 (22, 29, 31, 48) 94.40209743549526
Q init-s17 80 (22, 0, 26, 69) 337.5017497701153
Q init-s17 93 (4, 6, 11, 32) 42.17048474677831
Q init-s17 79 (44, 18, 44, 27) 101.63899386964066
Q init-s17 70 (1, 45, 60, 0) 31.36365530362526
/var/lib/cots-lamcts/jobs/optv1-transformer-only-lamcts-mandler-full-20260910-1536/src/validation/_optv1_transformer_only_lamcts_runtime.py:440: DeprecationWarning: Conversion of an array with ndim > 0 to a scalar is deprecated, and will error in future. Ensure you extract a single element from your array before performing this operation. (Deprecated NumPy 1.25.)
  s = pool[int(i)]
Q round1-s17 1 (15, 16, 34, 44) 98.54177576110692
Q round1-s17 10 (21, 54, 66, 36) 139.98566157408345
Q round1-s17 4 (50, 67, 21, 23) 330.8691222228191
Q round1-s17 5 (69, 41, 18, 48) 60.017288054413974
Q round1-s17 14 (45, 19, 57, 21) 182.71610734840203
Q round1-s17 8 (18, 30, 12, 32) 88.71996792443136
Q round1-s17 13 (0, 59, 68, 35) 161.40256010971822
Q round1-s17 12 (66, 55, 8, 6) 57.14942435508011
Q round1-s17 6 (21, 34, 55, 0) 47.443226375525626
Q round1-s17 11 (13, 5, 21, 21) 146.1486862074113
Q round1-s17 3 (49, 0, 40, 60) 97.54102605526272
Q round1-s17 15 (8, 62, 70, 57) 84.36930275808402
Q round1-s17 9 (68, 51, 14, 25) 50.570382579116355
Q round1-s17 0 (20, 19, 71, 24) 48.23386259797518
Q round1-s17 2 (14, 39, 54, 2) 303.3028867214672
Q round1-s17 7 (9, 6, 57, 40) 97.21924811303482
ROUND 1 n 112 bestJ 31.36365530362526 best (1, 45, 60, 0) eligible 26208
Q round2-s17 3 (27, 30, 2, 4) 453.895047675683
Q round2-s17 0 (64, 27, 7, 20) 60.502164552592895
Q round2-s17 13 (24, 11, 51, 60) 161.2964155120057
Q round2-s17 5 (48, 65, 47, 42) 202.08505968563085
Q round2-s17 11 (55, 8, 51, 47) 95.25116137043071
Q round2-s17 9 (60, 49, 65, 70) 64.16867625585012
Q round2-s17 4 (23, 45, 47, 6) 84.31768350924439
Q round2-s17 14 (38, 34, 14, 3) 69.11009576314137
Q round2-s17 2 (19, 38, 0, 22) 60.03622080110988
Q round2-s17 7 (11, 57, 24, 55) 56.27187105214885
Q round2-s17 15 (64, 24, 20, 71) 76.19540032364007
Q round2-s17 1 (32, 31, 41, 63) 90.45787977854471
Q round2-s17 8 (1, 48, 21, 7) 131.49143062747459
Q round2-s17 12 (28, 37, 55, 39) 47.70246189451258
Q round2-s17 10 (4, 7, 14, 18) 75.22078536517739
Q round2-s17 6 (9, 47, 60, 31) 73.42887939587256
ROUND 2 n 128 bestJ 31.36365530362526 best (1, 45, 60, 0) eligible 21327
Q round3-s17 15 (48, 43, 63, 3) 4693.410189094399
Q round3-s17 14 (52, 42, 42, 59) 153.29979910146673
Q round3-s17 11 (18, 16, 19, 44) 100.3739648421646
Q round3-s17 1 (21, 30, 55, 35) 41.428674078177046
Q round3-s17 2 (25, 44, 58, 6) 49.22126584611547
Q round3-s17 8 (32, 19, 56, 27) 246.11785559734562
Q round3-s17 4 (20, 62, 53, 51) 248.9926727755502
Q round3-s17 6 (18, 37, 64, 39) 62.74477220303078
Q round3-s17 3 (39, 36, 17, 44) 44.809077587583054
Q round3-s17 0 (39, 52, 21, 8) 41.35238193958987
Q round3-s17 5 (63, 1, 59, 57) 53.43599837142687
Q round3-s17 9 (67, 27, 16, 65) 57.11779849103287
Q round3-s17 10 (60, 65, 68, 25) 39.555590539264735
Q round3-s17 7 (25, 21, 61, 24) 52.00385604791717
Q round3-s17 12 (49, 62, 28, 13) 102.83023679038453
Q round3-s17 13 (56, 14, 70, 46) 78.43531082997579
ROUND 3 n 144 bestJ 31.36365530362526 best (1, 45, 60, 0) eligible 19636
Q round4-s17 11 (2, 71, 68, 0) 62.17953958272828
Q round4-s17 7 (43, 6, 51, 43) 91.91948121856421
Q round4-s17 10 (18, 66, 8, 45) 98.09041548262003
Q round4-s17 9 (16, 43, 36, 31) 53.88213278375522
Q round4-s17 2 (66, 66, 70, 9) 60.23967305494937
Q round4-s17 0 (25, 68, 53, 55) 42.927255661045166
Q round4-s17 15 (16, 69, 55, 26) 108.05916004351415
Q round4-s17 14 (56, 28, 59, 26) 107.46500589092119
Q round4-s17 5 (4, 57, 43, 51) 98.07053496930654
Q round4-s17 3 (11, 38, 22, 35) 45.72152747094773
Q round4-s17 1 (49, 45, 2, 26) 290.38063504125904
Q round4-s17 12 (41, 16, 53, 69) 167.6558698027836
Q round4-s17 8 (4, 55, 71, 50) 74.07795972111727
Q round4-s17 13 (23, 54, 48, 71) 126.09246601607857
Q round4-s17 6 (22, 31, 33, 40) 149.66149077502575
Q round4-s17 4 (1, 24, 51, 9) 58.200270336868414
ROUND 4 n 160 bestJ 31.36365530362526 best (1, 45, 60, 0) eligible 20273
Q round5-s17 4 (15, 68, 34, 60) 94.05441876583866
Q round5-s17 2 (13, 15, 5, 32) 41.73845184768829
Q round5-s17 13 (38, 36, 2, 64) 45.55213904047221
Q round5-s17 6 (63, 5, 34, 63) 48.489036056706276
Q round5-s17 8 (50, 32, 8, 37) 102.2455863236153
Q round5-s17 9 (56, 9, 28, 11) 96.45281970933178
Q round5-s17 15 (27, 6, 58, 18) 428.05662825639416
Q round5-s17 5 (27, 47, 50, 46) 47.58988724895078
Q round5-s17 3 (33, 61, 53, 64) 55.507853465561936
Q round5-s17 0 (27, 9, 45, 6) 53.347902421074195
Q round5-s17 11 (55, 31, 17, 68) 123.70418802940127
Q round5-s17 14 (41, 67, 49, 45) 46.86714869291898
Q round5-s17 1 (27, 10, 37, 29) 103.13896026823103
Q round5-s17 12 (12, 48, 12, 61) 71.96127372733949
Q round5-s17 10 (70, 5, 31, 31) 86.49967703855259
Q round5-s17 7 (17, 22, 52, 31) 86.28897850522159
ROUND 5 n 176 bestJ 31.36365530362526 best (1, 45, 60, 0) eligible 11546
Q round6-s17 2 (44, 59, 13, 48) 1119.1995222273213
Q round6-s17 9 (5, 0, 29, 56) 56.41451184395423
Q round6-s17 12 (10, 41, 34, 34) 156.07098813548959
Q round6-s17 10 (37, 62, 39, 34) 78.90270221736863
Q round6-s17 1 (37, 35, 24, 61) 70.50748161413199
Q round6-s17 4 (38, 20, 53, 30) 45.13708644126491
Q round6-s17 14 (18, 63, 41, 24) 51.28010163090416
Q round6-s17 3 (29, 42, 41, 30) 50.61894555667034
Q round6-s17 8 (43, 53, 34, 41) 138.12988158333982
Q round6-s17 0 (47, 29, 44, 55) 50.23478664884604
Q round6-s17 15 (36, 70, 6, 23) 80.62301047582139
Q round6-s17 5 (11, 25, 57, 1) 47.18619758004319
Q round6-s17 13 (60, 63, 41, 9) 56.546808388135474
Q round6-s17 7 (20, 69, 0, 65) 46.14565937643796
Q round6-s17 6 (46, 15, 48, 29) 238.50781824956076
Q round6-s17 11 (9, 7, 70, 32) 103.19410232402375
ROUND 6 n 192 bestJ 31.36365530362526 best (1, 45, 60, 0) eligible 8589
Q round7-s17 4 (22, 28, 21, 52) 115.77506930207939
Q round7-s17 2 (66, 27, 32, 50) 97.27406434411546
Q round7-s17 3 (40, 49, 20, 12) 51.593420075733135
Q round7-s17 6 (34, 46, 52, 23) 46.693484910556876
Q round7-s17 9 (2, 18, 44, 45) 150.60992531023513
Q round7-s17 13 (69, 45, 17, 27) 184.2540419248372
Q round7-s17 10 (7, 9, 59, 15) 70.28728711221346
Q round7-s17 7 (8, 70, 60, 33) 84.94038869476469
Q round7-s17 1 (35, 30, 39, 27) 55.87412943593217
Q round7-s17 0 (19, 49, 24, 11) 91.99768174601985
Q round7-s17 8 (27, 19, 30, 40) 51.10549485360051
Q round7-s17 15 (1, 11, 17, 25) 43.31809389014356
Q round7-s17 12 (60, 3, 56, 44) 271.71238186499767
Q round7-s17 14 (62, 71, 35, 65) 122.40747081249732
Q round7-s17 5 (22, 39, 15, 37) 183.1232120131798
Q round7-s17 11 (14, 56, 70, 50) 230.60538916677854
ROUND 7 n 208 bestJ 31.36365530362526 best (1, 45, 60, 0) eligible 8701
Q round8-s17 11 (66, 17, 19, 35) 100.50506477207647
Q round8-s17 1 (58, 8, 58, 13) 152.29596646920984
Q round8-s17 8 (58, 57, 69, 63) 97.02361565192271
Q round8-s17 4 (32, 51, 41, 12) 132.01218182989896
Q round8-s17 2 (47, 21, 4, 42) 97.48803724934714
Q round8-s17 12 (28, 34, 9, 51) 116.87081392502375
Q round8-s17 3 (5, 37, 11, 18) 214.74071495984765
Q round8-s17 10 (35, 12, 18, 46) 240.26651222380812
Q round8-s17 15 (3, 22, 61, 1) 52.82231551660901
Q round8-s17 0 (23, 2, 4, 38) 57.08987971689422
Q round8-s17 5 (53, 45, 39, 15) 33.07535935349509
Q round8-s17 9 (62, 15, 4, 2) 155.6197226331903
Q round8-s17 7 (11, 37, 55, 49) 44.52215799154535
Q round8-s17 13 (68, 66, 49, 31) 46.54823809065172
Q round8-s17 6 (70, 50, 59, 8) 50.74814655736781
Q round8-s17 14 (7, 23, 7, 69) 243.80081395908724
ROUND 8 n 224 bestJ 31.36365530362526 best (1, 45, 60, 0) eligible 6868
Q round9-s17 14 (18, 68, 6, 26) 1329.3349464045064
Q round9-s17 1 (56, 5, 13, 25) 53.520443986261405
Q round9-s17 15 (61, 12, 39, 38) 49.16225508333518
Q round9-s17 5 (53, 12, 5, 53) 102.10716934712798
Q round9-s17 4 (2, 55, 40, 39) 57.68378925353663
Q round9-s17 2 (59, 26, 53, 36) 93.52326509669071
Q round9-s17 9 (40, 68, 11, 18) 116.94125830094525
Q round9-s17 12 (26, 63, 19, 31) 74.47962648380776
Q round9-s17 8 (63, 20, 16, 26) 36.538719306970336
Q round9-s17 3 (43, 18, 28, 71) 1200.1698760829827
Q round9-s17 7 (65, 12, 1, 57) 46.40113914713561
Q round9-s17 11 (22, 52, 9, 13) 38.93153647370875
Q round9-s17 13 (40, 6, 70, 56) 102.06623928050206
Q round9-s17 10 (44, 47, 48, 25) 62.99300401876338
Q round9-s17 0 (67, 48, 31, 69) 45.58655826669933
Q round9-s17 6 (52, 66, 60, 2) 116.36201421735167
ROUND 9 n 240 bestJ 31.36365530362526 best (1, 45, 60, 0) eligible 11248
Q round10-s17 12 (58, 17, 63, 52) 66.91315592953254
Q round10-s17 5 (26, 1, 1, 49) 52.96453310127659
Q round10-s17 4 (13, 14, 65, 34) 58.50555486719659
Q round10-s17 14 (55, 19, 7, 22) 75.14138665385556
Q round10-s17 10 (39, 45, 53, 50) 135.11858511616248
Q round10-s17 8 (21, 64, 68, 9) 54.099681038250814
Q round10-s17 11 (21, 5, 12, 12) 90.62045496138403
Q round10-s17 15 (48, 71, 56, 9) 99.38793325336083
Q round10-s17 1 (48, 29, 46, 49) 62.57514755896653
Q round10-s17 2 (37, 13, 41, 33) 33.82677215885446
Q round10-s17 7 (60, 38, 48, 1) 66.5786350391825
Q round10-s17 6 (3, 43, 45, 40) 149.40914055743048
Q round10-s17 13 (20, 70, 7, 64) 76.35081555395993
Q round10-s17 9 (20, 46, 27, 25) 41.506128551939064
Q round10-s17 3 (33, 54, 57, 68) 77.43184146490577
Q round10-s17 0 (4, 47, 51, 33) 62.49792925502312
ROUND 10 n 256 bestJ 31.36365530362526 best (1, 45, 60, 0) eligible 11376
Q round11-s17 14 (34, 32, 58, 14) 133.388459778035
Q round11-s17 5 (26, 6, 69, 51) 207.5352863081024
Q round11-s17 13 (29, 60, 29, 59) 110.06595781016075
Q round11-s17 6 (47, 21, 24, 27) 45.68257832239601
Q round11-s17 9 (57, 45, 58, 6) 48.852891351289955
Q round11-s17 10 (7, 23, 50, 69) 311.6938256282904
Q round11-s17 15 (47, 18, 23, 10) 122.10656043109354
Q round11-s17 11 (71, 12, 43, 4) 197.44407616780936
Q round11-s17 12 (43, 27, 21, 7) 649.8332745711674
Q round11-s17 7 (4, 62, 21, 70) 44.972149598231454
Q round11-s17 2 (42, 0, 17, 5) 113.85506099965582
Q round11-s17 8 (10, 37, 70, 16) 47.273703643437415
Q round11-s17 1 (30, 17, 58, 29) 198.5820745737149
Q round11-s17 3 (19, 21, 54, 9) 53.94315204858583
Q round11-s17 0 (36, 58, 40, 48) 42.47573941394849
Q round11-s17 4 (31, 30, 51, 48) 81.14950625287827
ROUND 11 n 272 bestJ 31.36365530362526 best (1, 45, 60, 0) eligible 10456
Q round12-s17 7 (45, 59, 9, 12) 4324.872345208905
Q round12-s17 10 (42, 61, 10, 36) 114.25631717080614
Q round12-s17 15 (2, 33, 22, 22) 64.78379360579395
Q round12-s17 8 (26, 51, 32, 15) 62.25756758699949
Q round12-s17 0 (69, 70, 38, 68) 35.815089950283635
Q round12-s17 3 (13, 19, 10, 22) 288.7301261241286
Q round12-s17 2 (18, 22, 1, 42) 68.93889074724208
Q round12-s17 13 (61, 4, 14, 70) 60.19254617716217
Q round12-s17 14 (44, 1, 9, 44) 55.94702275398049
Q round12-s17 5 (42, 2, 62, 41) 89.36329011745305
Q round12-s17 11 (23, 28, 63, 68) 42.59632560832268
Q round12-s17 12 (69, 23, 44, 52) 132.66190671099474
Q round12-s17 6 (59, 55, 11, 29) 448.5385491509157
Q round12-s17 4 (54, 25, 37, 0) 134.18122260438594
Q round12-s17 1 (38, 61, 51, 15) 35.07703565934844
Q round12-s17 9 (25, 22, 51, 60) 51.26964295337234
ROUND 12 n 288 bestJ 31.36365530362526 best (1, 45, 60, 0) eligible 11185
Q round13-s17 6 (2, 23, 21, 8) 84.75861507694532
Q round13-s17 10 (13, 25, 28, 67) 217.93626188705653
Q round13-s17 4 (33, 67, 22, 7) 72.96562520807176
Q round13-s17 3 (31, 15, 69, 65) 144.62699692319075
Q round13-s17 12 (60, 10, 61, 32) 573.1944803205453
Q round13-s17 13 (13, 21, 14, 33) 38.48509167770934
Q round13-s17 5 (55, 53, 62, 49) 66.38205486877655
Q round13-s17 7 (20, 19, 32, 4) 152.19183178557
Q round13-s17 9 (71, 2, 15, 8) 103.33978135327112
Q round13-s17 0 (60, 56, 38, 50) 48.285559228024596
Q round13-s17 2 (68, 21, 20, 68) 77.19964320386495
Q round13-s17 14 (11, 53, 70, 50) 204.28103292215863
Q round13-s17 8 (19, 21, 3, 11) 115.6494912457269
Q round13-s17 11 (65, 34, 9, 41) 53.286629577470386
Q round13-s17 1 (25, 30, 55, 53) 191.64708133203902
Q round13-s17 15 (65, 30, 46, 41) 90.73375871864593
ROUND 13 n 304 bestJ 31.36365530362526 best (1, 45, 60, 0) eligible 9500
Q round14-s17 1 (13, 41, 29, 35) 640.3193850353672
Q round14-s17 11 (56, 63, 29, 1) 95.53909775217731
Q round14-s17 15 (24, 49, 21, 47) 117.90620351412285
Q round14-s17 7 (69, 11, 38, 7) 54.83930867539383
Q round14-s17 8 (55, 28, 48, 27) 52.237232338101386
Q round14-s17 4 (26, 63, 23, 50) 45.811785502238315
Q round14-s17 3 (39, 36, 55, 54) 78.740810522068
Q round14-s17 14 (25, 71, 71, 11) 101.71879439330016
Q round14-s17 5 (65, 2, 26, 8) 146.5331188722359
Q round14-s17 9 (44, 54, 60, 16) 40.540271963336856
Q round14-s17 12 (44, 6, 13, 69) 40.04021575653545
Q round14-s17 2 (11, 56, 52, 56) 69.01767384708717
Q round14-s17 13 (3, 15, 23, 8) 70.85390895360075
Q round14-s17 10 (63, 46, 0, 33) 113.5091444097275
Q round14-s17 6 (1, 5, 60, 5) 131.27922992224853
Q round14-s17 0 (17, 5, 44, 41) 26.86918574613337
ROUND 14 n 320 bestJ 26.86918574613337 best (17, 5, 44, 41) eligible 5758
Q round15-s17 1 (64, 41, 13, 36) 83.92518372430585
Q round15-s17 15 (20, 5, 50, 12) 125.90170322719773
Q round15-s17 5 (12, 69, 66, 35) 109.24783388798014
Q round15-s17 9 (18, 11, 55, 49) 56.031294934358556
Q round15-s17 8 (13, 28, 46, 56) 50.688081418390375
Q round15-s17 0 (55, 12, 55, 29) 72.56842116319861
Q round15-s17 12 (15, 19, 25, 16) 59.228848110494496
Q round15-s17 6 (52, 59, 2, 4) 113.27713833683991
Q round15-s17 13 (35, 60, 58, 12) 92.48519885132599
Q round15-s17 7 (39, 52, 17, 15) 70.44326525926577
Q round15-s17 14 (38, 19, 29, 7) 55.320229656072435
Q round15-s17 11 (21, 37, 71, 14) 52.19443038150674
Q round15-s17 4 (25, 16, 42, 0) 134.88810871772748
Q round15-s17 2 (63, 28, 36, 0) 44.132226583843014
Q round15-s17 10 (71, 57, 30, 9) 68.3338855041677
Q round15-s17 3 (65, 0, 63, 46) 93.06455874343393
ROUND 15 n 336 bestJ 26.86918574613337 best (17, 5, 44, 41) eligible 6933
Q round16-s17 2 (13, 27, 62, 12) 1518.758275319242
Q round16-s17 8 (21, 9, 61, 33) 45.43205792969211
Q round16-s17 4 (34, 17, 58, 13) 279.6578410091271
Q round16-s17 12 (34, 17, 47, 68) 43.156830799315486
Q round16-s17 5 (45, 6, 27, 61) 209.04770662222316
Q round16-s17 14 (52, 41, 61, 31) 61.81133924203286
Q round16-s17 1 (28, 65, 43, 67) 104.85266075223502
Q round16-s17 10 (44, 25, 42, 16) 67.9564348145505
Q round16-s17 6 (71, 70, 37, 17) 135.86461058476272
Q round16-s17 13 (28, 6, 48, 71) 77.6419690248723
Q round16-s17 15 (28, 21, 69, 37) 84.31183207025403
Q round16-s17 9 (20, 26, 47, 14) 46.0874026878354
Q round16-s17 7 (41, 32, 25, 5) 114.63264982841113
Q round16-s17 3 (33, 61, 44, 49) 25.89888350254029
Q round16-s17 0 (17, 42, 59, 48) 67.80197473289365
Q round16-s17 11 (60, 22, 25, 62) 67.42129508438323
ROUND 16 n 352 bestJ 25.89888350254029 best (33, 61, 44, 49) eligible 6845
Q round17-s17 6 (31, 56, 17, 4) 91.69995324421038
Q round17-s17 9 (64, 46, 5, 41) 120.65045049837227
Q round17-s17 3 (10, 68, 1, 53) 565.1781664916666
Q round17-s17 1 (45, 24, 6, 44) 38.92665839658457
Q round17-s17 15 (40, 36, 70, 33) 71.68555743269891
Q round17-s17 11 (2, 58, 3, 21) 169.92530667823053
Q round17-s17 5 (18, 53, 28, 29) 115.26929665333815
Q round17-s17 2 (62, 8, 7, 28) 115.62246500846165
Q round17-s17 12 (46, 6, 51, 4) 81.24191751971728
Q round17-s17 4 (41, 68, 41, 48) 61.100136804614685
Q round17-s17 7 (46, 58, 13, 2) 83.99706246384912
Q round17-s17 13 (52, 58, 36, 71) 57.09463833054877
Q round17-s17 8 (22, 62, 71, 26) 245.9531272794069
Q round17-s17 10 (30, 55, 71, 56) 137.75020689933655
Q round17-s17 14 (43, 58, 20, 37) 90.81927397516208
Q round17-s17 0 (49, 37, 68, 14) 59.536384300397614
ROUND 17 n 368 bestJ 25.89888350254029 best (33, 61, 44, 49) eligible 6989
Q round18-s17 14 (13, 64, 18, 71) 62.64142651018703
Q round18-s17 4 (40, 29, 7, 4) 52.59878855322128
Q round18-s17 8 (3, 45, 50, 4) 144.88480743778752
Q round18-s17 12 (13, 12, 4, 10) 113.56382515211155
Q round18-s17 3 (66, 41, 33, 30) 53.66547084520162
Q round18-s17 6 (62, 12, 57, 51) 319.90250762915844
Q round18-s17 1 (13, 7, 36, 64) 48.3289996073632
Q round18-s17 11 (53, 32, 10, 69) 266.5799119586064
Q round18-s17 13 (14, 27, 63, 18) 54.01474703640289
Q round18-s17 15 (17, 20, 20, 6) 38.43128382633614
Q round18-s17 7 (4, 12, 67, 35) 77.58168155171315
Q round18-s17 2 (59, 16, 71, 22) 66.93024808497323
Q round18-s17 0 (59, 64, 1, 34) 33.8354113709679
Q round18-s17 5 (67, 58, 31, 66) 132.73377518852163
Q round18-s17 10 (49, 10, 52, 39) 35.48998292106434
Q round18-s17 9 (15, 30, 23, 25) 107.29898446754166
ROUND 18 n 384 bestJ 25.89888350254029 best (33, 61, 44, 49) eligible 8295
Q round19-s17 4 (39, 52, 61, 3) 2260.594506382327
Q round19-s17 0 (29, 64, 57, 12) 67.47882505715461
Q round19-s17 8 (0, 9, 66, 58) 201.28253071932903
Q round19-s17 6 (53, 49, 65, 33) 58.59015843231334
Q round19-s17 11 (8, 6, 20, 69) 372.1016817896323
Q round19-s17 14 (22, 12, 54, 36) 48.001439277715946
Q round19-s17 5 (9, 35, 65, 2) 89.10803036281327
Q round19-s17 2 (24, 31, 59, 61) 116.90130804669212
Q round19-s17 1 (16, 61, 64, 63) 81.03688019899484
Q round19-s17 12 (25, 41, 21, 28) 79.60860393950597
Q round19-s17 9 (59, 19, 16, 43) 106.8902941707702
Q round19-s17 10 (4, 70, 48, 63) 69.16254016286534
Q round19-s17 15 (67, 45, 64, 1) 53.530184725636225
Q round19-s17 13 (71, 39, 55, 57) 106.866607157843
Q round19-s17 7 (3, 5, 7, 24) 48.69100579398777
Q round19-s17 3 (23, 41, 62, 0) 105.6122861907607
ROUND 19 n 400 bestJ 25.89888350254029 best (33, 61, 44, 49) eligible 7977
Q round20-s17 9 (58, 1, 69, 18) 162.34783642155045
Q round20-s17 12 (37, 45, 42, 38) 222.3675362846669
Q round20-s17 10 (10, 60, 9, 41) 55.47237847631124
Q round20-s17 15 (40, 68, 37, 32) 42.53888280648312
Q round20-s17 8 (71, 43, 3, 66) 108.27294352466832
Q round20-s17 5 (38, 16, 61, 65) 114.21975560680845
Q round20-s17 14 (23, 12, 46, 39) 82.53822933343923
Q round20-s17 2 (63, 50, 55, 53) 58.37850720025886
Q round20-s17 1 (11, 45, 58, 49) 128.875276388999
Q round20-s17 13 (27, 14, 50, 71) 49.67612318476831
Q round20-s17 7 (62, 40, 27, 44) 48.05393088597936
Q round20-s17 11 (6, 11, 15, 24) 65.61226626401617
Q round20-s17 6 (14, 0, 47, 2) 226.96020044628003
Q round20-s17 4 (31, 54, 57, 45) 230.45501313291865
Q round20-s17 0 (57, 2, 28, 9) 78.75693829719175
Q round20-s17 3 (41, 49, 9, 65) 65.7387865280612
ROUND 20 n 416 bestJ 25.89888350254029 best (33, 61, 44, 49) eligible 7997
Q round21-s17 2 (66, 65, 47, 37) 48.867627770370845
Q round21-s17 5 (24, 37, 34, 60) 55.62916214591689
Q round21-s17 9 (29, 19, 32, 66) 119.14647917228756
Q round21-s17 15 (40, 40, 41, 44) 94.72909953484817
Q round21-s17 14 (21, 51, 11, 47) 153.31395997533284
Q round21-s17 6 (8, 9, 19, 7) 54.637913892349246
Q round21-s17 8 (15, 10, 11, 21) 333.2454371046153
Q round21-s17 12 (11, 46, 66, 38) 49.30710868693654
Q round21-s17 7 (13, 23, 55, 53) 81.35638213760832
Q round21-s17 11 (62, 67, 48, 15) 65.76666595063763
Q round21-s17 10 (9, 53, 58, 4) 276.4635460241549
Q round21-s17 1 (43, 62, 47, 21) 40.90283320034198
Q round21-s17 4 (28, 9, 15, 29) 52.9218853093022
Q round21-s17 0 (20, 46, 11, 57) 43.420887936015
Q round21-s17 3 (11, 24, 31, 38) 60.562981208791136
Q round21-s17 13 (23, 38, 70, 32) 105.66684253342143
ROUND 21 n 432 bestJ 25.89888350254029 best (33, 61, 44, 49) eligible 7788
Q round22-s17 1 (40, 48, 29, 70) 122.59840800715024
Q round22-s17 15 (26, 39, 34, 71) 109.14152644831525
Q round22-s17 4 (21, 52, 17, 29) 212.62555370350705
Q round22-s17 5 (37, 11, 28, 42) 121.18609119293538
Q round22-s17 14 (16, 9, 66, 0) 119.23292238366386
Q round22-s17 13 (26, 8, 50, 42) 191.48191982445184
Q round22-s17 3 (24, 28, 45, 1) 42.34962894420128
Q round22-s17 11 (39, 65, 16, 32) 91.75199486923258
Q round22-s17 8 (49, 13, 42, 56) 47.38745206266411
Q round22-s17 0 (38, 68, 47, 50) 48.63590791806385
Q round22-s17 7 (46, 22, 42, 42) 317.29362707403834
Q round22-s17 9 (60, 50, 50, 34) 234.821904022669
Q round22-s17 10 (57, 70, 7, 35) 80.86004238772485
Q round22-s17 6 (12, 71, 46, 60) 44.018529755371524
Q round22-s17 2 (9, 18, 35, 61) 631.2896891177367
Q round22-s17 12 (15, 70, 24, 29) 212.19356121818214
ROUND 22 n 448 bestJ 25.89888350254029 best (33, 61, 44, 49) eligible 8833
Q round23-s17 10 (64, 54, 50, 44) 128.73936634361422
Q round23-s17 11 (37, 25, 10, 25) 37.07146023497818
Q round23-s17 5 (51, 54, 18, 57) 91.76205050741224
Q round23-s17 6 (61, 40, 57, 5) 62.51013804096704
Q round23-s17 1 (33, 56, 50, 5) 98.28179861163144
Q round23-s17 2 (48, 20, 27, 17) 67.71053792570933
Q round23-s17 0 (53, 37, 47, 39) 54.33666490091924
Q round23-s17 4 (59, 16, 37, 70) 50.705329107619455
Q round23-s17 9 (54, 64, 58, 17) 143.2676237293219
Q round23-s17 3 (22, 2, 49, 59) 43.67453803394299
Q round23-s17 12 (19, 1, 47, 21) 44.5822546611331
Q round23-s17 7 (15, 22, 69, 51) 127.56436980565249
Q round23-s17 15 (25, 37, 15, 59) 47.268420937013
Q round23-s17 14 (19, 64, 62, 54) 56.113066004267985
Q round23-s17 13 (54, 46, 40, 21) 222.82511441106877
Q round23-s17 8 (41, 66, 60, 37) 105.44548021741159
ROUND 23 n 464 bestJ 25.89888350254029 best (33, 61, 44, 49) eligible 7896
Q round24-s17 10 (29, 63, 42, 29) 3976.2185015986843
Q round24-s17 1 (41, 11, 10, 27) 100.15743880496741
Q round24-s17 4 (31, 30, 39, 36) 111.70473830594482
Q round24-s17 6 (45, 8, 25, 12) 64.32628679459813
Q round24-s17 14 (58, 7, 41, 11) 92.57596565020465
Q round24-s17 15 (34, 57, 34, 10) 126.96212039768184
Q round24-s17 11 (24, 1, 41, 8) 97.74771172442067
Q round24-s17 7 (10, 61, 10, 7) 201.27756599611016
Q round24-s17 9 (57, 8, 51, 43) 106.71991401565543
Q round24-s17 8 (27, 68, 38, 30) 47.48086836277579
Q round24-s17 13 (67, 38, 0, 29) 34.8600172607573
Q round24-s17 12 (64, 7, 3, 31) 72.1177177611844
Q round24-s17 2 (47, 15, 15, 10) 329.05176615966104
Q round24-s17 5 (57, 62, 48, 7) 87.4977510278065
Q round24-s17 3 (1, 47, 69, 29) 473.19292675741536
Q round24-s17 0 (14, 13, 67, 70) 40.771419761983594
ROUND 24 n 480 bestJ 25.89888350254029 best (33, 61, 44, 49) eligible 7939
Q round25-s17 3 (26, 39, 8, 3) 963.5891601863339
Q round25-s17 7 (7, 17, 34, 65) 133.5283911099578
Q round25-s17 5 (58, 9, 49, 1) 55.413269591342534
Q round25-s17 11 (26, 59, 63, 17) 58.61395581447758
Q round25-s17 15 (15, 16, 45, 58) 315.13027512382945
Q round25-s17 10 (37, 63, 49, 49) 66.51932088217522
Q round25-s17 6 (19, 40, 45, 41) 56.76862807425107
Q round25-s17 1 (10, 21, 30, 51) 123.83639864709043
Q round25-s17 9 (32, 56, 52, 9) 40.246587527026016
Q round25-s17 0 (32, 45, 36, 25) 28.05022828430836
Q round25-s17 4 (19, 39, 8, 47) 54.94442219166876
Q round25-s17 8 (11, 29, 16, 46) 46.887440843425516
Q round25-s17 14 (11, 15, 25, 62) 55.17294116924946
Q round25-s17 12 (30, 69, 13, 29) 76.18738915964828
Q round25-s17 13 (27, 26, 58, 23) 94.01915980082724
Q round25-s17 2 (1, 22, 63, 6) 109.15099360666463
ROUND 25 n 496 bestJ 25.89888350254029 best (33, 61, 44, 49) eligible 5038
Q round26-s17 3 (40, 48, 58, 8) 149.39713012969037
Q round26-s17 14 (18, 8, 8, 68) 170.53161752460218
Q round26-s17 2 (63, 26, 24, 27) 88.92553295188777
Q round26-s17 7 (50, 43, 26, 14) 114.33485587208548
Q round26-s17 11 (2, 25, 16, 37) 41.93107726280993
Q round26-s17 6 (15, 4, 58, 56) 56.470520434188515
Q round26-s17 9 (69, 45, 18, 50) 244.60859764544594
Q round26-s17 8 (37, 34, 10, 8) 182.34462342421358
Q round26-s17 13 (17, 44, 41, 0) 57.49832265142396
Q round26-s17 10 (47, 48, 62, 58) 527.9566896027351
Q round26-s17 5 (54, 57, 58, 31) 126.29885784998189
Q round26-s17 15 (19, 30, 7, 71) 76.17928022846787
Q round26-s17 4 (25, 10, 5, 47) 36.765131668536874
Q round26-s17 0 (60, 58, 70, 65) 45.07362677008108
Q round26-s17 1 (36, 61, 32, 66) 165.8772178318919
Q round26-s17 12 (4, 5, 68, 52) 80.108672702307
ROUND 26 n 512 bestJ 25.89888350254029 best (33, 61, 44, 49) eligible 1475
Q round27-s17 13 (44, 65, 60, 66) 5303.668101435261
Q round27-s17 11 (34, 1, 42, 25) 161.9867906420888
Q round27-s17 7 (47, 61, 18, 15) 129.59949553722376
Q round27-s17 2 (29, 49, 43, 23) 46.62486941906422
Q round27-s17 1 (47, 59, 43, 26) 101.88509639841705
Q round27-s17 6 (58, 19, 53, 63) 259.193639068467
Q round27-s17 14 (23, 36, 10, 47) 67.84247230490722
Q round27-s17 12 (45, 53, 4, 19) 111.54408359867686
Q round27-s17 10 (59, 31, 33, 44) 53.956170183611796
Q round27-s17 8 (1, 60, 71, 57) 64.27920175294099
Q round27-s17 3 (7, 50, 43, 46) 39.09721567005439
Q round27-s17 15 (52, 28, 39, 38) 44.0705406553249
Q round27-s17 0 (45, 29, 14, 57) 37.59642685726213
Q round27-s17 4 (11, 35, 28, 47) 65.18242155462097
Q round27-s17 9 (67, 23, 12, 13) 126.98139566245136
Q round27-s17 5 (71, 14, 35, 33) 89.13905668993353
ROUND 27 n 528 bestJ 25.89888350254029 best (33, 61, 44, 49) eligible 7420
Q round28-s17 9 (71, 32, 10, 30) 116.12092805060082
Q round28-s17 4 (31, 10, 14, 18) 103.33204771128119
Q round28-s17 2 (63, 43, 69, 6) 55.55745471921144
Q round28-s17 6 (53, 31, 4, 0) 36.2328578726542
Q round28-s17 14 (35, 20, 30, 66) 255.66227315440088
Q round28-s17 10 (68, 51, 23, 43) 189.67764402780026
Q round28-s17 0 (27, 38, 17, 61) 39.77301708454135
Q round28-s17 3 (23, 16, 14, 16) 124.83434247945969
Q round28-s17 7 (38, 17, 45, 55) 110.04402326719969
Q round28-s17 5 (7, 30, 71, 3) 114.66079621742018
Q round28-s17 12 (51, 10, 13, 69) 125.35244981403551
Q round28-s17 8 (46, 41, 63, 70) 107.9206120983756
Q round28-s17 1 (57, 13, 24, 24) 55.283146920264514
Q round28-s17 11 (38, 70, 49, 16) 91.6035604262407
Q round28-s17 15 (41, 39, 25, 16) 83.84825857398548
Q round28-s17 13 (9, 45, 20, 25) 30.660447017748275
ROUND 28 n 544 bestJ 25.89888350254029 best (33, 61, 44, 49) eligible 8676
Q round29-s17 6 (63, 65, 23, 20) 89.23706415007072
Q round29-s17 8 (5, 51, 48, 16) 58.62842728468751
Q round29-s17 11 (10, 6, 35, 62) 52.68433248439378
Q round29-s17 1 (0, 43, 64, 1) 50.7864811588871
Q round29-s17 5 (20, 1, 40, 35) 56.20835179720097
Q round29-s17 10 (32, 35, 31, 50) 50.460871918240514
Q round29-s17 15 (60, 24, 47, 51) 42.86853569492498
Q round29-s17 3 (56, 38, 12, 47) 56.970883247720806
Q round29-s17 0 (40, 37, 36, 1) 46.97975186902659
Q round29-s17 9 (14, 28, 0, 69) 46.1291310812106
Q round29-s17 12 (51, 12, 28, 50) 112.1830600448247
Q round29-s17 13 (6, 49, 59, 66) 118.08983892711649
Q round29-s17 14 (28, 45, 16, 40) 42.7289808059172
Q round29-s17 7 (68, 58, 16, 13) 364.0834234083207
Q round29-s17 4 (46, 7, 3, 49) 100.97368475268836
Q round29-s17 2 (27, 8, 43, 22) 49.427386174781084
ROUND 29 n 560 bestJ 25.89888350254029 best (33, 61, 44, 49) eligible 7446
Q round30-s17 13 (61, 62, 4, 27) 714.7563605859859
Q round30-s17 4 (5, 64, 71, 38) 65.9300110778342
Q round30-s17 6 (5, 34, 39, 67) 137.1358198877321
Q round30-s17 15 (29, 67, 13, 33) 213.18821939467549
Q round30-s17 14 (21, 32, 61, 61) 173.93441546871048
Q round30-s17 10 (2, 40, 67, 15) 76.2677799350594
Q round30-s17 11 (69, 13, 52, 12) 108.34508458972682
Q round30-s17 0 (65, 44, 54, 13) 38.29361969354622
Q round30-s17 3 (59, 19, 52, 39) 202.27332229734023
Q round30-s17 5 (23, 5, 57, 71) 74.95052427645336
Q round30-s17 7 (54, 55, 20, 66) 215.99329330285659
Q round30-s17 12 (46, 8, 46, 6) 129.29339589972162
Q round30-s17 2 (54, 70, 60, 47) 92.76632504246359
Q round30-s17 8 (33, 16, 38, 33) 79.7237095027215
Q round30-s17 9 (6, 64, 23, 47) 122.5357226798737
Q round30-s17 1 (65, 21, 36, 63) 25.2512893770356
ROUND 30 n 576 bestJ 25.2512893770356 best (65, 21, 36, 63) eligible 8828
Q round31-s17 11 (69, 36, 34, 63) 459.3084241010959
Q round31-s17 8 (5, 32, 34, 7) 68.88550059302102
Q round31-s17 12 (37, 19, 4, 29) 94.36661864303976
Q round31-s17 7 (13, 63, 65, 71) 68.39545648245836
Q round31-s17 4 (5, 3, 50, 55) 115.9711351465194
Q round31-s17 0 (48, 4, 49, 34) 40.7086220239182
Q round31-s17 15 (24, 1, 49, 21) 133.03051892319343
Q round31-s17 6 (32, 25, 17, 13) 121.83464547705465
Q round31-s17 14 (6, 51, 51, 67) 92.88830887950667
Q round31-s17 1 (10, 50, 34, 24) 107.53899696929534
Q round31-s17 2 (53, 42, 55, 58) 198.66610262640413
Q round31-s17 5 (4, 51, 0, 42) 117.4689027943547
Q round31-s17 10 (39, 2, 11, 40) 64.62260951102127
Q round31-s17 13 (70, 32, 35, 28) 47.07702430182283
Q round31-s17 3 (57, 32, 63, 49) 69.94385775445119
Q round31-s17 9 (54, 65, 46, 63) 100.7992457372182
ROUND 31 n 592 bestJ 25.2512893770356 best (65, 21, 36, 63) eligible 7965
Q round32-s17 2 (52, 38, 66, 10) 66139.28921117107
Q round32-s17 4 (0, 71, 7, 20) 116.382695942886
Q round32-s17 3 (71, 9, 33, 54) 93.63405830721717
Q round32-s17 6 (25, 51, 44, 35) 94.16057454783684
Q round32-s17 7 (3, 8, 42, 64) 451.2472473274505
Q round32-s17 1 (57, 38, 59, 71) 42.84055352516916
Q round32-s17 0 (38, 69, 60, 64) 31.674953799751467
Q round32-s17 5 (22, 16, 12, 8) 120.50694564333922
ROUND 32 n 600 bestJ 25.2512893770356 best (65, 21, 36, 63) eligible 7703
{
  "reference_J": 11.906835229630682,
  "best_J": 25.2512893770356,
  "best_state4": [
    65,
    21,
    36,
    63
  ],
  "exact_reference_recovered": false,
  "hamming": 4,
  "J_over_ref": 2.120738961281387,
  "random_best_J": null,
  "leakage_audit": {
    "exact_or_1e-4_matches": [],
    "nearest": [
      {
        "distance": 0.13321964915677276,
        "family": "US004123144_Example09P.txt",
        "state": 0,
        "surfaces": 11
      },
      {
        "distance": 0.1516833243154173,
        "family": "US002745315_Example01P.txt",
        "state": 0,
        "surfaces": 11
      },
      {
        "distance": 0.21761212048089185,
        "family": "CH352844_Example01P.txt",
        "state": 0,
        "surfaces": 11
      },
      {
        "distance": 0.21767419139744287,
        "family": "CH346706_Example01P.txt",
        "state": 0,
        "surfaces": 11
      },
      {
        "distance": 0.22335417381356912,
        "family": "JP1988-081312_ExampleMLP.txt",
        "state": 0,
        "surfaces": 11
      },
      {
        "distance": 0.22824697807944802,
        "family": "US004123144_Example08P.txt",
        "state": 0,
        "surfaces": 11
      },
      {
        "distance": 0.23323525124585534,
        "family": "US002645975_Example01P.txt",
        "state": 0,
        "surfaces": 11
      },
      {
        "distance": 0.2490598974067268,
        "family": "US004728179_ExampleMLP.txt",
        "state": 0,
        "surfaces": 11
      },
      {
        "distance": 0.2547604137177165,
        "family": "US004377326_Example01P.txt",
        "state": 0,
        "surfaces": 11
      },
      {
        "distance": 0.2788474049927909,
        "family": "US002645974_Example01P.txt",
        "state": 0,
        "surfaces": 11
      },
      {
        "distance": 0.2851297651694216,
        "family": "DE02222892_Example03P.txt",
        "state": 0,
        "surfaces": 11
      },
      {
        "distance": 0.2889136102935156,
        "family": "GB0850117_Example01P.txt",
        "state": 0,
        "surfaces": 11
      }
    ],
    "valid_independent_pretrain": true
  },
  "elapsed_sec": 1647.398078918457
}
