corpus small/full/scales 0 1233 [21, 256, 1024]
/var/lib/cots-lamcts/jobs/opt10-pretrain-scale-meta-20260910-0061/src/validation/opt10_workstation_pretrain_meta.py:143: UserWarning: enable_nested_tensor is True, but self.use_nested_tensor is False because encoder_layer.norm_first was True
  self.enc=nn.TransformerEncoder(el,layers,norm=nn.LayerNorm(d)); self.recon=nn.Linear(d,FIELDS); self.reg=nn.Sequential(nn.Linear(d,48),nn.GELU(),nn.Linear(48,1))
/var/lib/cots-lamcts/jobs/opt10-pretrain-scale-meta-20260910-0061/src/validation/opt10_workstation_pretrain_meta.py:143: UserWarning: enable_nested_tensor is True, but self.use_nested_tensor is False because encoder_layer.norm_first was True
  self.enc=nn.TransformerEncoder(el,layers,norm=nn.LayerNorm(d)); self.recon=nn.Linear(d,FIELDS); self.reg=nn.Sequential(nn.Linear(d,48),nn.GELU(),nn.Linear(48,1))
scratch 48 {'spearman': 0.6255639097744361, 'kendall': 0.464935064935065, 'top_quartile_precision': 0.5714285714285714, 'pred_top8_mean_J': 51.51774597167969, 'pred_top8_best_J': 42.15381622314453}
scratch 96 {'spearman': 0.5056732740943267, 'kendall': 0.36103896103896105, 'top_quartile_precision': 0.42857142857142855, 'pred_top8_mean_J': 59.98296356201172, 'pred_top8_best_J': 42.15381622314453}
scratch 192 {'spearman': 0.6749829118250171, 'kendall': 0.4870129870129871, 'top_quartile_precision': 0.35714285714285715, 'pred_top8_mean_J': 50.51508331298828, 'pred_top8_best_J': 42.15381622314453}
pretrain 21 17 epoch 0 loss 0.8711850643157959
pretrain 21 17 epoch 50 loss 0.38623589277267456
pretrain 21 17 epoch 100 loss 0.2641787528991699
pretrain 21 17 epoch 150 loss 0.19186575710773468
pretrain 21 17 epoch 200 loss 0.13332682847976685
pretrain 21 17 epoch 250 loss 0.10934556275606155
pretrain 21 17 epoch 299 loss 0.09249604493379593
pretrain 21 43 epoch 0 loss 1.2992321252822876
pretrain 21 43 epoch 50 loss 0.3962565064430237
pretrain 21 43 epoch 100 loss 0.26886889338493347
pretrain 21 43 epoch 150 loss 0.19898593425750732
pretrain 21 43 epoch 200 loss 0.1616514027118683
pretrain 21 43 epoch 250 loss 0.11456410586833954
pretrain 21 43 epoch 299 loss 0.09844127297401428
pretrain 21 89 epoch 0 loss 0.8528817296028137
pretrain 21 89 epoch 50 loss 0.4127272665500641
pretrain 21 89 epoch 100 loss 0.26443690061569214
pretrain 21 89 epoch 150 loss 0.1871248483657837
pretrain 21 89 epoch 200 loss 0.14157690107822418
pretrain 21 89 epoch 250 loss 0.11755820363759995
pretrain 21 89 epoch 299 loss 0.09069433063268661
pretrain 21 131 epoch 0 loss 0.8553928136825562
pretrain 21 131 epoch 50 loss 0.38041186332702637
pretrain 21 131 epoch 100 loss 0.28136324882507324
pretrain 21 131 epoch 150 loss 0.197041854262352
pretrain 21 131 epoch 200 loss 0.15784884989261627
pretrain 21 131 epoch 250 loss 0.12204597145318985
pretrain 21 131 epoch 299 loss 0.10015525668859482
pretrain 21 173 epoch 0 loss 1.1442387104034424
pretrain 21 173 epoch 50 loss 0.4048365652561188
pretrain 21 173 epoch 100 loss 0.25589779019355774
pretrain 21 173 epoch 150 loss 0.1938716173171997
pretrain 21 173 epoch 200 loss 0.14450447261333466
pretrain 21 173 epoch 250 loss 0.11060670018196106
pretrain 21 173 epoch 299 loss 0.09082770347595215
pretrain_21 48 {'spearman': 0.5280246069719754, 'kendall': 0.37662337662337664, 'top_quartile_precision': 0.35714285714285715, 'pred_top8_mean_J': 47.073097229003906, 'pred_top8_best_J': 42.15381622314453} {'mean_delta_spearman': -0.09620449331375049, 'q025': -0.25836492299312275, 'q975': 0.054484247245199756, 'p_delta_le_0': 0.8931}
pretrain_21 96 {'spearman': 0.5016404647983596, 'kendall': 0.35064935064935066, 'top_quartile_precision': 0.42857142857142855, 'pred_top8_mean_J': 48.23260498046875, 'pred_top8_best_J': 42.15381622314453} {'mean_delta_spearman': -0.0042566343211894305, 'q025': -0.1430551772654369, 'q975': 0.14475122941503898, 'p_delta_le_0': 0.5341}
pretrain_21 192 {'spearman': 0.6681476418318524, 'kendall': 0.4753246753246753, 'top_quartile_precision': 0.5, 'pred_top8_mean_J': 51.14645767211914, 'pred_top8_best_J': 43.66284942626953} {'mean_delta_spearman': -0.0067004982309740125, 'q025': -0.12876556635317557, 'q975': 0.1101945628899232, 'p_delta_le_0': 0.5423}
pretrain 256 17 epoch 0 loss 0.5904017935196558
pretrain 256 17 epoch 50 loss 0.26816808183987934
pretrain 256 17 epoch 100 loss 0.17276834324002266
pretrain 256 17 epoch 150 loss 0.12603423309822878
pretrain 256 17 epoch 200 loss 0.10193843208253384
pretrain 256 17 epoch 250 loss 0.08606343468030293
pretrain 256 17 epoch 299 loss 0.07447757820288341
pretrain 256 43 epoch 0 loss 0.6313312028845152
pretrain 256 43 epoch 50 loss 0.2752210944890976
pretrain 256 43 epoch 100 loss 0.17686940605441728
pretrain 256 43 epoch 150 loss 0.12607126807173094
pretrain 256 43 epoch 200 loss 0.10054813884198666
pretrain 256 43 epoch 250 loss 0.0843004093815883
pretrain 256 43 epoch 299 loss 0.07375842581192653
pretrain 256 89 epoch 0 loss 0.5919696117440859
pretrain 256 89 epoch 50 loss 0.2553933697442214
pretrain 256 89 epoch 100 loss 0.16468089943130812
pretrain 256 89 epoch 150 loss 0.12482807226479053
pretrain 256 89 epoch 200 loss 0.10082429399092992
pretrain 256 89 epoch 250 loss 0.08620265250404675
pretrain 256 89 epoch 299 loss 0.07671696195999782
pretrain 256 131 epoch 0 loss 0.5750534062584242
pretrain 256 131 epoch 50 loss 0.26381923258304596
pretrain 256 131 epoch 100 loss 0.17065726344784102
pretrain 256 131 epoch 150 loss 0.12673780135810375
pretrain 256 131 epoch 200 loss 0.10155246779322624
pretrain 256 131 epoch 250 loss 0.08629530357817809
pretrain 256 131 epoch 299 loss 0.07795678327480952
pretrain 256 173 epoch 0 loss 0.6212500557303429
pretrain 256 173 epoch 50 loss 0.26932356754938763
pretrain 256 173 epoch 100 loss 0.17358006288607916
pretrain 256 173 epoch 150 loss 0.12489146552979946
pretrain 256 173 epoch 200 loss 0.10208912007510662
pretrain 256 173 epoch 250 loss 0.08422136989732583
pretrain 256 173 epoch 299 loss 0.0742865117887656
pretrain_256 48 {'spearman': 0.5466165413533836, 'kendall': 0.3935064935064935, 'top_quartile_precision': 0.5, 'pred_top8_mean_J': 48.527244567871094, 'pred_top8_best_J': 42.15381622314453} {'mean_delta_spearman': -0.07807779289999175, 'q025': -0.25154081420555824, 'q975': 0.07826740404510386, 'p_delta_le_0': 0.8239}
pretrain_256 96 {'spearman': 0.6276828434723172, 'kendall': 0.4922077922077922, 'top_quartile_precision': 0.5714285714285714, 'pred_top8_mean_J': 55.19091033935547, 'pred_top8_best_J': 42.15381622314453} {'mean_delta_spearman': 0.12221403618084102, 'q025': -0.08041720208574497, 'q975': 0.335069887748381, 'p_delta_le_0': 0.1169}
pretrain_256 192 {'spearman': 0.6580314422419685, 'kendall': 0.49090909090909096, 'top_quartile_precision': 0.6428571428571429, 'pred_top8_mean_J': 49.595680236816406, 'pred_top8_best_J': 42.53087615966797} {'mean_delta_spearman': -0.015833236211143215, 'q025': -0.1338234715279397, 'q975': 0.10560942577646161, 'p_delta_le_0': 0.6055}
pretrain 1024 17 epoch 0 loss 0.613946865623196
pretrain 1024 17 epoch 50 loss 0.2093561552464962
pretrain 1024 17 epoch 100 loss 0.14956842424968878
pretrain 1024 17 epoch 150 loss 0.12705047444129983
pretrain 1024 17 epoch 200 loss 0.11039329537500937
pretrain 1024 17 epoch 250 loss 0.1026259995996952
pretrain 1024 17 epoch 299 loss 0.09798339211071531
pretrain 1024 43 epoch 0 loss 0.6253547047575315
pretrain 1024 43 epoch 50 loss 0.20771718677133322
pretrain 1024 43 epoch 100 loss 0.14345238668223223
pretrain 1024 43 epoch 150 loss 0.12155987586205204
pretrain 1024 43 epoch 200 loss 0.11010752913231651
pretrain 1024 43 epoch 250 loss 0.10393809496114652
pretrain 1024 43 epoch 299 loss 0.09771434947227438
pretrain 1024 89 epoch 0 loss 0.6098793310423692
pretrain 1024 89 epoch 50 loss 0.2161206854507327
pretrain 1024 89 epoch 100 loss 0.15700730991860232
pretrain 1024 89 epoch 150 loss 0.13032481741781035
pretrain 1024 89 epoch 200 loss 0.11452335693563025
pretrain 1024 89 epoch 250 loss 0.10670002053181331
pretrain 1024 89 epoch 299 loss 0.10016162010530631
pretrain 1024 131 epoch 0 loss 0.618897999326388
pretrain 1024 131 epoch 50 loss 0.20295069925487041
pretrain 1024 131 epoch 100 loss 0.15078064954529205
pretrain 1024 131 epoch 150 loss 0.12711012720440826
pretrain 1024 131 epoch 200 loss 0.11327297147363424
pretrain 1024 131 epoch 250 loss 0.11758528649806976
pretrain 1024 131 epoch 299 loss 0.09932029542202751
pretrain 1024 173 epoch 0 loss 0.5863142857948939
pretrain 1024 173 epoch 50 loss 0.2019315774862965
pretrain 1024 173 epoch 100 loss 0.1516794820005695
pretrain 1024 173 epoch 150 loss 0.12705460578824082
pretrain 1024 173 epoch 200 loss 0.11424786799276869
pretrain 1024 173 epoch 250 loss 0.10493791522458196
pretrain 1024 173 epoch 299 loss 0.09909575774023931
pretrain_1024 48 {'spearman': 0.6120300751879699, 'kendall': 0.451948051948052, 'top_quartile_precision': 0.5714285714285714, 'pred_top8_mean_J': 53.69221878051758, 'pred_top8_best_J': 42.53087615966797} {'mean_delta_spearman': -0.014054993627185007, 'q025': -0.22968025338329617, 'q975': 0.19039642879974664, 'p_delta_le_0': 0.5482}
pretrain_1024 96 {'spearman': 0.6995898838004102, 'kendall': 0.5428571428571429, 'top_quartile_precision': 0.7142857142857143, 'pred_top8_mean_J': 47.6009521484375, 'pred_top8_best_J': 42.53087615966797} {'mean_delta_spearman': 0.19284101740983112, 'q025': 0.01635095916085369, 'q975': 0.40352059668810725, 'p_delta_le_0': 0.0144}
pretrain_1024 192 {'spearman': 0.6896103896103898, 'kendall': 0.5207792207792209, 'top_quartile_precision': 0.5714285714285714, 'pred_top8_mean_J': 49.06199645996094, 'pred_top8_best_J': 42.53087615966797} {'mean_delta_spearman': 0.015617795647555693, 'q025': -0.11043127392175586, 'q975': 0.1347242999508246, 'p_delta_le_0': 0.3809}
{
  "available_unique_corpus": 1233,
  "scales": [
    21,
    256,
    1024
  ],
  "external192": {
    "scratch": {
      "spearman": 0.6749829118250171,
      "kendall": 0.4870129870129871,
      "top_quartile_precision": 0.35714285714285715,
      "pred_top8_mean_J": 50.51508331298828,
      "pred_top8_best_J": 42.15381622314453
    },
    "pretrain_21": {
      "spearman": 0.6681476418318524,
      "kendall": 0.4753246753246753,
      "top_quartile_precision": 0.5,
      "pred_top8_mean_J": 51.14645767211914,
      "pred_top8_best_J": 43.66284942626953
    },
    "pretrain_256": {
      "spearman": 0.6580314422419685,
      "kendall": 0.49090909090909096,
      "top_quartile_precision": 0.6428571428571429,
      "pred_top8_mean_J": 49.595680236816406,
      "pred_top8_best_J": 42.53087615966797
    },
    "pretrain_1024": {
      "spearman": 0.6896103896103898,
      "kendall": 0.5207792207792209,
      "top_quartile_precision": 0.5714285714285714,
      "pred_top8_mean_J": 49.06199645996094,
      "pred_top8_best_J": 42.53087615966797
    }
  },
  "elapsed_sec": 1328.5873413085938
}
