Q reference-posthoc 0 (0, 2, 4, 6) 11.906835229630682
/var/lib/cots-lamcts/jobs/optv1-lamcts-mandler-full-20260910-1258/src/validation/opt10_pretrain_completion_run.py:42: UserWarning: enable_nested_tensor is True, but self.use_nested_tensor is False because encoder_layer.norm_first was True
  self.enc=nn.TransformerEncoder(el,layers,norm=nn.LayerNorm(d));self.recon=nn.Linear(d,B.FIELDS)
Q init-s17 2 (2, 15, 32, 27) 2391.8522247719043
Q init-s17 5 (42, 18, 26, 43) 198.2346101031899
Q init-s17 11 (29, 40, 10, 32) 74.8787072914369
Q init-s17 9 (35, 0, 50, 12) 322.6326091465428
Q init-s17 0 (53, 60, 7, 11) 155.62744057006842
Q init-s17 10 (34, 11, 41, 33) 60.37343003231818
Q init-s17 1 (32, 40, 54, 26) 163.30471620742955
Q init-s17 6 (11, 6, 50, 71) 42.7497238476047
Q init-s17 3 (65, 30, 45, 44) 97.14363205201201
Q init-s17 16 (56, 40, 58, 17) 103.65800211583569
Q init-s17 8 (46, 40, 53, 43) 116.60513415799379
Q init-s17 7 (49, 59, 29, 2) 104.68014810785999
Q init-s17 13 (24, 28, 58, 14) 43.64706233648576
Q init-s17 18 (16, 37, 59, 20) 131.37266054318187
Q init-s17 25 (44, 51, 7, 35) 1745.8578636937568
Q init-s17 21 (66, 8, 36, 65) 60.0101904711403
Q init-s17 20 (53, 47, 48, 39) 79.69042640194384
Q init-s17 24 (0, 44, 3, 39) 76.27408426546016
Q init-s17 19 (40, 45, 15, 34) 229.19553525117652
Q init-s17 12 (51, 66, 15, 58) 108.97525436329202
Q init-s17 17 (11, 47, 17, 47) 66.10315173739521
Q init-s17 15 (19, 25, 61, 71) 39.16483588653191
Q init-s17 27 (29, 39, 56, 36) 41.73341873518222
Q init-s17 26 (37, 60, 0, 25) 51.145393507191706
Q init-s17 23 (3, 12, 68, 24) 156.10170186265998
Q init-s17 29 (42, 6, 25, 17) 53.058261761917926
Q init-s17 4 (6, 53, 3, 1) 36.23452497038776
Q init-s17 33 (32, 45, 17, 37) 45.285825068809736
Q init-s17 22 (30, 1, 70, 22) 96.68905728209786
Q init-s17 28 (54, 1, 21, 16) 136.99068040534024
Q init-s17 32 (12, 60, 61, 29) 190.15421973813224
Q init-s17 37 (14, 52, 14, 44) 39.64915594377625
Q init-s17 14 (17, 25, 46, 62) 84.73782064136219
Q init-s17 34 (71, 16, 40, 14) 116.67018484098655
Q init-s17 36 (65, 42, 37, 50) 526.3250468348704
Q init-s17 30 (67, 0, 47, 21) 44.872344808827215
Q init-s17 42 (47, 39, 21, 6) 134.72574396976748
Q init-s17 39 (7, 36, 14, 0) 90.06021633422661
Q init-s17 31 (62, 26, 0, 46) 65.34830322308629
Q init-s17 45 (37, 62, 2, 32) 46.32661422315007
Q init-s17 38 (52, 17, 19, 31) 43.411108516617624
Q init-s17 35 (57, 32, 55, 57) 76.23853709731206
Q init-s17 44 (37, 31, 14, 18) 140.9919206267863
Q init-s17 46 (2, 45, 66, 65) 101.4354264615259
Q init-s17 47 (38, 39, 32, 11) 78.82999053646724
Q init-s17 48 (2, 51, 3, 67) 130.70566271045774
Q init-s17 50 (36, 62, 23, 11) 42.606041771452965
Q init-s17 55 (8, 58, 30, 11) 60.408235145625
Q init-s17 41 (15, 0, 31, 40) 134.94730144982222
Q init-s17 56 (13, 50, 58, 37) 160.11868026568644
Q init-s17 53 (23, 58, 70, 9) 70.15727912732675
Q init-s17 40 (6, 21, 40, 25) 79.21545122299155
Q init-s17 58 (2, 32, 17, 31) 49.8207624646379
Q init-s17 59 (32, 19, 34, 26) 117.31930071550977
Q init-s17 60 (53, 54, 30, 24) 80.63910462988761
Q init-s17 52 (27, 39, 64, 66) 36.28658791502771
Q init-s17 62 (18, 54, 35, 28) 186.5940475716605
Q init-s17 51 (28, 56, 43, 34) 102.17181920643502
Q init-s17 63 (48, 12, 48, 0) 73.58868222244564
Q init-s17 65 (29, 27, 18, 7) 159.98367091336996
Q init-s17 66 (7, 3, 47, 63) 73.35146030644914
Q init-s17 57 (27, 5, 45, 37) 93.80554708937215
Q init-s17 69 (24, 62, 16, 68) 94.55897654111172
Q init-s17 67 (2, 28, 58, 62) 130.77057483607328
Q init-s17 64 (69, 29, 67, 33) 297.8114346865592
Q init-s17 43 (41, 17, 3, 65) 49.74384464453187
Q init-s17 49 (55, 30, 65, 47) 105.94475489384702
Q init-s17 72 (15, 56, 45, 25) 109.14544954969956
Q init-s17 71 (58, 46, 11, 35) 168.02398438008308
Q init-s17 76 (2, 4, 15, 44) 917.5689935616708
Q init-s17 68 (30, 59, 43, 41) 68.92350551610774
Q init-s17 54 (22, 29, 31, 48) 94.40209743549526
Q init-s17 61 (1, 61, 27, 50) 259.23637112087107
Q init-s17 77 (16, 64, 7, 42) 374.7434092673408
Q init-s17 78 (69, 12, 70, 38) 53.37351642358012
Q init-s17 74 (58, 42, 1, 32) 136.7455920908039
Q init-s17 83 (50, 63, 27, 60) 155.26981402045016
Q init-s17 73 (43, 49, 48, 26) 40.09380633914334
Q init-s17 87 (45, 16, 42, 15) 71.7634749307085
Q init-s17 81 (43, 37, 45, 41) 411.1893925449774
Q init-s17 86 (46, 43, 28, 10) 106.39101213957866
Q init-s17 88 (35, 3, 39, 29) 1484.1125463987566
Q init-s17 75 (28, 15, 60, 23) 48.92542588317928
Q init-s17 85 (44, 67, 50, 48) 86.48212240024752
Q init-s17 89 (8, 3, 62, 65) 50.78227761255484
Q init-s17 82 (11, 6, 67, 9) 49.279368850553155
Q init-s17 92 (71, 64, 50, 71) 164.25648506977709
Q init-s17 90 (5, 44, 47, 24) 53.00667955979954
Q init-s17 91 (29, 19, 40, 53) 425.8999588311438
Q init-s17 80 (22, 0, 26, 69) 337.5017497701153
Q init-s17 84 (59, 48, 46, 50) 41.49015605922069
Q init-s17 79 (44, 18, 44, 27) 101.63899386964066
Q init-s17 95 (34, 57, 41, 27) 334.37736418580744
Q init-s17 94 (35, 70, 7, 42) 68.3574155426922
Q init-s17 70 (1, 45, 60, 0) 31.36365530362526
Q init-s17 93 (4, 6, 11, 32) 42.17048474677831
/var/lib/cots-lamcts/jobs/optv1-lamcts-mandler-full-20260910-1258/src/validation/optv1_lamcts_mandler_meta.py:400: DeprecationWarning: Conversion of an array with ndim > 0 to a scalar is deprecated, and will error in future. Ensure you extract a single element from your array before performing this operation. (Deprecated NumPy 1.25.)
  s = pool[int(i)]
Q round1-s17 3 (37, 6, 64, 59) 46.860472413621366
Q round1-s17 10 (48, 11, 10, 68) 157.4782403757683
Q round1-s17 4 (17, 68, 45, 70) 44.097559204029345
Q round1-s17 8 (29, 3, 51, 34) 136.47896762066875
Q round1-s17 7 (8, 49, 59, 35) 62.75587143118195
Q round1-s17 0 (23, 59, 4, 1) 53.45377457460493
Q round1-s17 6 (38, 7, 58, 1) 142.23331782005386
Q round1-s17 1 (26, 7, 31, 18) 53.98318784298334
Q round1-s17 11 (62, 67, 25, 49) 52.36499732903921
Q round1-s17 5 (9, 43, 14, 59) 172.87668226829825
Q round1-s17 13 (18, 71, 65, 59) 232.94580859796045
Q round1-s17 14 (24, 47, 35, 67) 60.908687089936386
Q round1-s17 9 (43, 28, 37, 47) 76.46508042573386
Q round1-s17 15 (20, 35, 65, 29) 299.60315398513075
