{
  "artifact_files": [],
  "best_q_in_tail": {
    "J": 18.24764172996995,
    "round": 607,
    "seed": 17,
    "state": "(0, 21, 68, 38)"
  },
  "last_complete_round": {
    "bestJ": 17.985040982462767,
    "best_state": "(0, 45, 4, 62)",
    "eligible": 11,
    "n": 9968,
    "round": 617
  },
  "log_exists": true,
  "log_mtime": 1789126143.8419354,
  "log_size": 565054,
  "pid": {
    "alive": true,
    "cmdline": "/var/lib/cots-lamcts/venv/bin/python -u /var/lib/cots-lamcts/jobs/optv1-transformer-only-meta-10k-20260910-1819/src/validation/_optv1_transformer_only_lamcts_runtime.py --seed 17 --budget 10000 --init 96 --batch 16 --pool 60000 --ensemble 3 --workers 32 --no-random",
    "pid": 1074792,
    "status": {
      "Name": "python",
      "PPid": "973464",
      "State": "R (running)",
      "Threads": "14",
      "VmRSS": "2146720 kB",
      "VmSize": "27651384 kB"
    }
  },
  "target_dir_exists": true,
  "target_job": "optv1-transformer-only-meta-10k-20260910-1819"
}
