eval scratch 1 Traceback (most recent call last):
  File "/var/lib/cots-lamcts/jobs/opt10-scale-prospective-q4096-20260910-0062/src/validation/opt10_scale_prospective_q4096.py", line 51, in <module>
    if __name__=='__main__':main()
                            ^^^^^^
  File "/var/lib/cots-lamcts/jobs/opt10-scale-prospective-q4096-20260910-0062/src/validation/opt10_scale_prospective_q4096.py", line 21, in main
    if a.state:return one(json.loads(a.state),a.out)
                      ^^^^^^^^^^^^^^^^^^^^^^^^^^^^^^
  File "/var/lib/cots-lamcts/jobs/opt10-scale-prospective-q4096-20260910-0062/src/validation/opt10_scale_prospective_q4096.py", line 15, in one
    from evaluator import market_final_direct_q4096_v4 as E
  File "/var/lib/cots-lamcts/jobs/opt10-scale-prospective-q4096-20260910-0062/src/evaluator/market_final_direct_q4096_v4.py", line 25, in <module>
    _SPEC=importlib.util.spec_from_file_location('M',str(_CORE_PATH)); M=importlib.util.module_from_spec(_SPEC); _SPEC.loader.exec_module(M)
                                                                                                                 ^^^^^^^^^^^^^^^^^^^^^^^^^^^
  File "/var/lib/cots-lamcts/jobs/opt10-scale-prospective-q4096-20260910-0062/src/core/mandler_benchmark_core.py", line 6, in <module>
    from sklearn.svm import SVC
ModuleNotFoundError: No module named 'sklearn'

eval scratch 0 Traceback (most recent call last):
  File "/var/lib/cots-lamcts/jobs/opt10-scale-prospective-q4096-20260910-0062/src/validation/opt10_scale_prospective_q4096.py", line 51, in <module>
    if __name__=='__main__':main()
                            ^^^^^^
  File "/var/lib/cots-lamcts/jobs/opt10-scale-prospective-q4096-20260910-0062/src/validation/opt10_scale_prospective_q4096.py", line 21, in main
    if a.state:return one(json.loads(a.state),a.out)
                      ^^^^^^^^^^^^^^^^^^^^^^^^^^^^^^
  File "/var/lib/cots-lamcts/jobs/opt10-scale-prospective-q4096-20260910-0062/src/validation/opt10_scale_prospective_q4096.py", line 15, in one
    from evaluator import market_final_direct_q4096_v4 as E
  File "/var/lib/cots-lamcts/jobs/opt10-scale-prospective-q4096-20260910-0062/src/evaluator/market_final_direct_q4096_v4.py", line 25, in <module>
    _SPEC=importlib.util.spec_from_file_location('M',str(_CORE_PATH)); M=importlib.util.module_from_spec(_SPEC); _SPEC.loader.exec_module(M)
                                                                                                                 ^^^^^^^^^^^^^^^^^^^^^^^^^^^
  File "/var/lib/cots-lamcts/jobs/opt10-scale-prospective-q4096-20260910-0062/src/core/mandler_benchmark_core.py", line 6, in <module>
    from sklearn.svm import SVC
ModuleNotFoundError: No module named 'sklearn'

eval scratch 5 Traceback (most recent call last):
  File "/var/lib/cots-lamcts/jobs/opt10-scale-prospective-q4096-20260910-0062/src/validation/opt10_scale_prospective_q4096.py", line 51, in <module>
    if __name__=='__main__':main()
                            ^^^^^^
  File "/var/lib/cots-lamcts/jobs/opt10-scale-prospective-q4096-20260910-0062/src/validation/opt10_scale_prospective_q4096.py", line 21, in main
    if a.state:return one(json.loads(a.state),a.out)
                      ^^^^^^^^^^^^^^^^^^^^^^^^^^^^^^
  File "/var/lib/cots-lamcts/jobs/opt10-scale-prospective-q4096-20260910-0062/src/validation/opt10_scale_prospective_q4096.py", line 15, in one
    from evaluator import market_final_direct_q4096_v4 as E
  File "/var/lib/cots-lamcts/jobs/opt10-scale-prospective-q4096-20260910-0062/src/evaluator/market_final_direct_q4096_v4.py", line 25, in <module>
    _SPEC=importlib.util.spec_from_file_location('M',str(_CORE_PATH)); M=importlib.util.module_from_spec(_SPEC); _SPEC.loader.exec_module(M)
                                                                                                                 ^^^^^^^^^^^^^^^^^^^^^^^^^^^
  File "/var/lib/cots-lamcts/jobs/opt10-scale-prospective-q4096-20260910-0062/src/core/mandler_benchmark_core.py", line 6, in <module>
    from sklearn.svm import SVC
ModuleNotFoundError: No module named 'sklearn'

eval scratch 3 Traceback (most recent call last):
  File "/var/lib/cots-lamcts/jobs/opt10-scale-prospective-q4096-20260910-0062/src/validation/opt10_scale_prospective_q4096.py", line 51, in <module>
    if __name__=='__main__':main()
                            ^^^^^^
  File "/var/lib/cots-lamcts/jobs/opt10-scale-prospective-q4096-20260910-0062/src/validation/opt10_scale_prospective_q4096.py", line 21, in main
    if a.state:return one(json.loads(a.state),a.out)
                      ^^^^^^^^^^^^^^^^^^^^^^^^^^^^^^
  File "/var/lib/cots-lamcts/jobs/opt10-scale-prospective-q4096-20260910-0062/src/validation/opt10_scale_prospective_q4096.py", line 15, in one
    from evaluator import market_final_direct_q4096_v4 as E
  File "/var/lib/cots-lamcts/jobs/opt10-scale-prospective-q4096-20260910-0062/src/evaluator/market_final_direct_q4096_v4.py", line 25, in <module>
    _SPEC=importlib.util.spec_from_file_location('M',str(_CORE_PATH)); M=importlib.util.module_from_spec(_SPEC); _SPEC.loader.exec_module(M)
                                                                                                                 ^^^^^^^^^^^^^^^^^^^^^^^^^^^
  File "/var/lib/cots-lamcts/jobs/opt10-scale-prospective-q4096-20260910-0062/src/core/mandler_benchmark_core.py", line 6, in <module>
    from sklearn.svm import SVC
ModuleNotFoundError: No module named 'sklearn'

eval scratch 6 Traceback (most recent call last):
  File "/var/lib/cots-lamcts/jobs/opt10-scale-prospective-q4096-20260910-0062/src/validation/opt10_scale_prospective_q4096.py", line 51, in <module>
    if __name__=='__main__':main()
                            ^^^^^^
  File "/var/lib/cots-lamcts/jobs/opt10-scale-prospective-q4096-20260910-0062/src/validation/opt10_scale_prospective_q4096.py", line 21, in main
    if a.state:return one(json.loads(a.state),a.out)
                      ^^^^^^^^^^^^^^^^^^^^^^^^^^^^^^
  File "/var/lib/cots-lamcts/jobs/opt10-scale-prospective-q4096-20260910-0062/src/validation/opt10_scale_prospective_q4096.py", line 15, in one
    from evaluator import market_final_direct_q4096_v4 as E
  File "/var/lib/cots-lamcts/jobs/opt10-scale-prospective-q4096-20260910-0062/src/evaluator/market_final_direct_q4096_v4.py", line 25, in <module>
    _SPEC=importlib.util.spec_from_file_location('M',str(_CORE_PATH)); M=importlib.util.module_from_spec(_SPEC); _SPEC.loader.exec_module(M)
                                                                                                                 ^^^^^^^^^^^^^^^^^^^^^^^^^^^
  File "/var/lib/cots-lamcts/jobs/opt10-scale-prospective-q4096-20260910-0062/src/core/mandler_benchmark_core.py", line 6, in <module>
    from sklearn.svm import SVC
ModuleNotFoundError: No module named 'sklearn'

eval scratch 4 Traceback (most recent call last):
  File "/var/lib/cots-lamcts/jobs/opt10-scale-prospective-q4096-20260910-0062/src/validation/opt10_scale_prospective_q4096.py", line 51, in <module>
    if __name__=='__main__':main()
                            ^^^^^^
  File "/var/lib/cots-lamcts/jobs/opt10-scale-prospective-q4096-20260910-0062/src/validation/opt10_scale_prospective_q4096.py", line 21, in main
    if a.state:return one(json.loads(a.state),a.out)
                      ^^^^^^^^^^^^^^^^^^^^^^^^^^^^^^
  File "/var/lib/cots-lamcts/jobs/opt10-scale-prospective-q4096-20260910-0062/src/validation/opt10_scale_prospective_q4096.py", line 15, in one
    from evaluator import market_final_direct_q4096_v4 as E
  File "/var/lib/cots-lamcts/jobs/opt10-scale-prospective-q4096-20260910-0062/src/evaluator/market_final_direct_q4096_v4.py", line 25, in <module>
    _SPEC=importlib.util.spec_from_file_location('M',str(_CORE_PATH)); M=importlib.util.module_from_spec(_SPEC); _SPEC.loader.exec_module(M)
                                                                                                                 ^^^^^^^^^^^^^^^^^^^^^^^^^^^
  File "/var/lib/cots-lamcts/jobs/opt10-scale-prospective-q4096-20260910-0062/src/core/mandler_benchmark_core.py", line 6, in <module>
    from sklearn.svm import SVC
ModuleNotFoundError: No module named 'sklearn'

eval pretrain_21 1 Traceback (most recent call last):
  File "/var/lib/cots-lamcts/jobs/opt10-scale-prospective-q4096-20260910-0062/src/validation/opt10_scale_prospective_q4096.py", line 51, in <module>
    if __name__=='__main__':main()
                            ^^^^^^
  File "/var/lib/cots-lamcts/jobs/opt10-scale-prospective-q4096-20260910-0062/src/validation/opt10_scale_prospective_q4096.py", line 21, in main
    if a.state:return one(json.loads(a.state),a.out)
                      ^^^^^^^^^^^^^^^^^^^^^^^^^^^^^^
  File "/var/lib/cots-lamcts/jobs/opt10-scale-prospective-q4096-20260910-0062/src/validation/opt10_scale_prospective_q4096.py", line 15, in one
    from evaluator import market_final_direct_q4096_v4 as E
  File "/var/lib/cots-lamcts/jobs/opt10-scale-prospective-q4096-20260910-0062/src/evaluator/market_final_direct_q4096_v4.py", line 25, in <module>
    _SPEC=importlib.util.spec_from_file_location('M',str(_CORE_PATH)); M=importlib.util.module_from_spec(_SPEC); _SPEC.loader.exec_module(M)
                                                                                                                 ^^^^^^^^^^^^^^^^^^^^^^^^^^^
  File "/var/lib/cots-lamcts/jobs/opt10-scale-prospective-q4096-20260910-0062/src/core/mandler_benchmark_core.py", line 6, in <module>
    from sklearn.svm import SVC
ModuleNotFoundError: No module named 'sklearn'

eval scratch 2 Traceback (most recent call last):
  File "/var/lib/cots-lamcts/jobs/opt10-scale-prospective-q4096-20260910-0062/src/validation/opt10_scale_prospective_q4096.py", line 51, in <module>
    if __name__=='__main__':main()
                            ^^^^^^
  File "/var/lib/cots-lamcts/jobs/opt10-scale-prospective-q4096-20260910-0062/src/validation/opt10_scale_prospective_q4096.py", line 21, in main
    if a.state:return one(json.loads(a.state),a.out)
                      ^^^^^^^^^^^^^^^^^^^^^^^^^^^^^^
  File "/var/lib/cots-lamcts/jobs/opt10-scale-prospective-q4096-20260910-0062/src/validation/opt10_scale_prospective_q4096.py", line 15, in one
    from evaluator import market_final_direct_q4096_v4 as E
  File "/var/lib/cots-lamcts/jobs/opt10-scale-prospective-q4096-20260910-0062/src/evaluator/market_final_direct_q4096_v4.py", line 25, in <module>
    _SPEC=importlib.util.spec_from_file_location('M',str(_CORE_PATH)); M=importlib.util.module_from_spec(_SPEC); _SPEC.loader.exec_module(M)
                                                                                                                 ^^^^^^^^^^^^^^^^^^^^^^^^^^^
  File "/var/lib/cots-lamcts/jobs/opt10-scale-prospective-q4096-20260910-0062/src/core/mandler_benchmark_core.py", line 6, in <module>
    from sklearn.svm import SVC
ModuleNotFoundError: No module named 'sklearn'

eval pretrain_21 0 Traceback (most recent call last):
  File "/var/lib/cots-lamcts/jobs/opt10-scale-prospective-q4096-20260910-0062/src/validation/opt10_scale_prospective_q4096.py", line 51, in <module>
    if __name__=='__main__':main()
                            ^^^^^^
  File "/var/lib/cots-lamcts/jobs/opt10-scale-prospective-q4096-20260910-0062/src/validation/opt10_scale_prospective_q4096.py", line 21, in main
    if a.state:return one(json.loads(a.state),a.out)
                      ^^^^^^^^^^^^^^^^^^^^^^^^^^^^^^
  File "/var/lib/cots-lamcts/jobs/opt10-scale-prospective-q4096-20260910-0062/src/validation/opt10_scale_prospective_q4096.py", line 15, in one
    from evaluator import market_final_direct_q4096_v4 as E
  File "/var/lib/cots-lamcts/jobs/opt10-scale-prospective-q4096-20260910-0062/src/evaluator/market_final_direct_q4096_v4.py", line 25, in <module>
    _SPEC=importlib.util.spec_from_file_location('M',str(_CORE_PATH)); M=importlib.util.module_from_spec(_SPEC); _SPEC.loader.exec_module(M)
                                                                                                                 ^^^^^^^^^^^^^^^^^^^^^^^^^^^
  File "/var/lib/cots-lamcts/jobs/opt10-scale-prospective-q4096-20260910-0062/src/core/mandler_benchmark_core.py", line 6, in <module>
    from sklearn.svm import SVC
ModuleNotFoundError: No module named 'sklearn'

eval scratch 7 Traceback (most recent call last):
  File "/var/lib/cots-lamcts/jobs/opt10-scale-prospective-q4096-20260910-0062/src/validation/opt10_scale_prospective_q4096.py", line 51, in <module>
    if __name__=='__main__':main()
                            ^^^^^^
  File "/var/lib/cots-lamcts/jobs/opt10-scale-prospective-q4096-20260910-0062/src/validation/opt10_scale_prospective_q4096.py", line 21, in main
    if a.state:return one(json.loads(a.state),a.out)
                      ^^^^^^^^^^^^^^^^^^^^^^^^^^^^^^
  File "/var/lib/cots-lamcts/jobs/opt10-scale-prospective-q4096-20260910-0062/src/validation/opt10_scale_prospective_q4096.py", line 15, in one
    from evaluator import market_final_direct_q4096_v4 as E
  File "/var/lib/cots-lamcts/jobs/opt10-scale-prospective-q4096-20260910-0062/src/evaluator/market_final_direct_q4096_v4.py", line 25, in <module>
    _SPEC=importlib.util.spec_from_file_location('M',str(_CORE_PATH)); M=importlib.util.module_from_spec(_SPEC); _SPEC.loader.exec_module(M)
                                                                                                                 ^^^^^^^^^^^^^^^^^^^^^^^^^^^
  File "/var/lib/cots-lamcts/jobs/opt10-scale-prospective-q4096-20260910-0062/src/core/mandler_benchmark_core.py", line 6, in <module>
    from sklearn.svm import SVC
ModuleNotFoundError: No module named 'sklearn'

eval pretrain_21 3 Traceback (most recent call last):
  File "/var/lib/cots-lamcts/jobs/opt10-scale-prospective-q4096-20260910-0062/src/validation/opt10_scale_prospective_q4096.py", line 51, in <module>
    if __name__=='__main__':main()
                            ^^^^^^
  File "/var/lib/cots-lamcts/jobs/opt10-scale-prospective-q4096-20260910-0062/src/validation/opt10_scale_prospective_q4096.py", line 21, in main
    if a.state:return one(json.loads(a.state),a.out)
                      ^^^^^^^^^^^^^^^^^^^^^^^^^^^^^^
  File "/var/lib/cots-lamcts/jobs/opt10-scale-prospective-q4096-20260910-0062/src/validation/opt10_scale_prospective_q4096.py", line 15, in one
    from evaluator import market_final_direct_q4096_v4 as E
  File "/var/lib/cots-lamcts/jobs/opt10-scale-prospective-q4096-20260910-0062/src/evaluator/market_final_direct_q4096_v4.py", line 25, in <module>
    _SPEC=importlib.util.spec_from_file_location('M',str(_CORE_PATH)); M=importlib.util.module_from_spec(_SPEC); _SPEC.loader.exec_module(M)
                                                                                                                 ^^^^^^^^^^^^^^^^^^^^^^^^^^^
  File "/var/lib/cots-lamcts/jobs/opt10-scale-prospective-q4096-20260910-0062/src/core/mandler_benchmark_core.py", line 6, in <module>
    from sklearn.svm import SVC
ModuleNotFoundError: No module named 'sklearn'

eval pretrain_21 2 Traceback (most recent call last):
  File "/var/lib/cots-lamcts/jobs/opt10-scale-prospective-q4096-20260910-0062/src/validation/opt10_scale_prospective_q4096.py", line 51, in <module>
    if __name__=='__main__':main()
                            ^^^^^^
  File "/var/lib/cots-lamcts/jobs/opt10-scale-prospective-q4096-20260910-0062/src/validation/opt10_scale_prospective_q4096.py", line 21, in main
    if a.state:return one(json.loads(a.state),a.out)
                      ^^^^^^^^^^^^^^^^^^^^^^^^^^^^^^
  File "/var/lib/cots-lamcts/jobs/opt10-scale-prospective-q4096-20260910-0062/src/validation/opt10_scale_prospective_q4096.py", line 15, in one
    from evaluator import market_final_direct_q4096_v4 as E
  File "/var/lib/cots-lamcts/jobs/opt10-scale-prospective-q4096-20260910-0062/src/evaluator/market_final_direct_q4096_v4.py", line 25, in <module>
    _SPEC=importlib.util.spec_from_file_location('M',str(_CORE_PATH)); M=importlib.util.module_from_spec(_SPEC); _SPEC.loader.exec_module(M)
                                                                                                                 ^^^^^^^^^^^^^^^^^^^^^^^^^^^
  File "/var/lib/cots-lamcts/jobs/opt10-scale-prospective-q4096-20260910-0062/src/core/mandler_benchmark_core.py", line 6, in <module>
    from sklearn.svm import SVC
ModuleNotFoundError: No module named 'sklearn'

eval pretrain_21 4 Traceback (most recent call last):
  File "/var/lib/cots-lamcts/jobs/opt10-scale-prospective-q4096-20260910-0062/src/validation/opt10_scale_prospective_q4096.py", line 51, in <module>
    if __name__=='__main__':main()
                            ^^^^^^
  File "/var/lib/cots-lamcts/jobs/opt10-scale-prospective-q4096-20260910-0062/src/validation/opt10_scale_prospective_q4096.py", line 21, in main
    if a.state:return one(json.loads(a.state),a.out)
                      ^^^^^^^^^^^^^^^^^^^^^^^^^^^^^^
  File "/var/lib/cots-lamcts/jobs/opt10-scale-prospective-q4096-20260910-0062/src/validation/opt10_scale_prospective_q4096.py", line 15, in one
    from evaluator import market_final_direct_q4096_v4 as E
  File "/var/lib/cots-lamcts/jobs/opt10-scale-prospective-q4096-20260910-0062/src/evaluator/market_final_direct_q4096_v4.py", line 25, in <module>
    _SPEC=importlib.util.spec_from_file_location('M',str(_CORE_PATH)); M=importlib.util.module_from_spec(_SPEC); _SPEC.loader.exec_module(M)
                                                                                                                 ^^^^^^^^^^^^^^^^^^^^^^^^^^^
  File "/var/lib/cots-lamcts/jobs/opt10-scale-prospective-q4096-20260910-0062/src/core/mandler_benchmark_core.py", line 6, in <module>
    from sklearn.svm import SVC
ModuleNotFoundError: No module named 'sklearn'

eval pretrain_21 5 Traceback (most recent call last):
  File "/var/lib/cots-lamcts/jobs/opt10-scale-prospective-q4096-20260910-0062/src/validation/opt10_scale_prospective_q4096.py", line 51, in <module>
    if __name__=='__main__':main()
                            ^^^^^^
  File "/var/lib/cots-lamcts/jobs/opt10-scale-prospective-q4096-20260910-0062/src/validation/opt10_scale_prospective_q4096.py", line 21, in main
    if a.state:return one(json.loads(a.state),a.out)
                      ^^^^^^^^^^^^^^^^^^^^^^^^^^^^^^
  File "/var/lib/cots-lamcts/jobs/opt10-scale-prospective-q4096-20260910-0062/src/validation/opt10_scale_prospective_q4096.py", line 15, in one
    from evaluator import market_final_direct_q4096_v4 as E
  File "/var/lib/cots-lamcts/jobs/opt10-scale-prospective-q4096-20260910-0062/src/evaluator/market_final_direct_q4096_v4.py", line 25, in <module>
    _SPEC=importlib.util.spec_from_file_location('M',str(_CORE_PATH)); M=importlib.util.module_from_spec(_SPEC); _SPEC.loader.exec_module(M)
                                                                                                                 ^^^^^^^^^^^^^^^^^^^^^^^^^^^
  File "/var/lib/cots-lamcts/jobs/opt10-scale-prospective-q4096-20260910-0062/src/core/mandler_benchmark_core.py", line 6, in <module>
    from sklearn.svm import SVC
ModuleNotFoundError: No module named 'sklearn'

eval pretrain_21 6 Traceback (most recent call last):
  File "/var/lib/cots-lamcts/jobs/opt10-scale-prospective-q4096-20260910-0062/src/validation/opt10_scale_prospective_q4096.py", line 51, in <module>
    if __name__=='__main__':main()
                            ^^^^^^
  File "/var/lib/cots-lamcts/jobs/opt10-scale-prospective-q4096-20260910-0062/src/validation/opt10_scale_prospective_q4096.py", line 21, in main
    if a.state:return one(json.loads(a.state),a.out)
                      ^^^^^^^^^^^^^^^^^^^^^^^^^^^^^^
  File "/var/lib/cots-lamcts/jobs/opt10-scale-prospective-q4096-20260910-0062/src/validation/opt10_scale_prospective_q4096.py", line 15, in one
    from evaluator import market_final_direct_q4096_v4 as E
  File "/var/lib/cots-lamcts/jobs/opt10-scale-prospective-q4096-20260910-0062/src/evaluator/market_final_direct_q4096_v4.py", line 25, in <module>
    _SPEC=importlib.util.spec_from_file_location('M',str(_CORE_PATH)); M=importlib.util.module_from_spec(_SPEC); _SPEC.loader.exec_module(M)
                                                                                                                 ^^^^^^^^^^^^^^^^^^^^^^^^^^^
  File "/var/lib/cots-lamcts/jobs/opt10-scale-prospective-q4096-20260910-0062/src/core/mandler_benchmark_core.py", line 6, in <module>
    from sklearn.svm import SVC
ModuleNotFoundError: No module named 'sklearn'

eval pretrain_256 0 Traceback (most recent call last):
  File "/var/lib/cots-lamcts/jobs/opt10-scale-prospective-q4096-20260910-0062/src/validation/opt10_scale_prospective_q4096.py", line 51, in <module>
    if __name__=='__main__':main()
                            ^^^^^^
  File "/var/lib/cots-lamcts/jobs/opt10-scale-prospective-q4096-20260910-0062/src/validation/opt10_scale_prospective_q4096.py", line 21, in main
    if a.state:return one(json.loads(a.state),a.out)
                      ^^^^^^^^^^^^^^^^^^^^^^^^^^^^^^
  File "/var/lib/cots-lamcts/jobs/opt10-scale-prospective-q4096-20260910-0062/src/validation/opt10_scale_prospective_q4096.py", line 15, in one
    from evaluator import market_final_direct_q4096_v4 as E
  File "/var/lib/cots-lamcts/jobs/opt10-scale-prospective-q4096-20260910-0062/src/evaluator/market_final_direct_q4096_v4.py", line 25, in <module>
    _SPEC=importlib.util.spec_from_file_location('M',str(_CORE_PATH)); M=importlib.util.module_from_spec(_SPEC); _SPEC.loader.exec_module(M)
                                                                                                                 ^^^^^^^^^^^^^^^^^^^^^^^^^^^
  File "/var/lib/cots-lamcts/jobs/opt10-scale-prospective-q4096-20260910-0062/src/core/mandler_benchmark_core.py", line 6, in <module>
    from sklearn.svm import SVC
ModuleNotFoundError: No module named 'sklearn'

eval pretrain_21 7 Traceback (most recent call last):
  File "/var/lib/cots-lamcts/jobs/opt10-scale-prospective-q4096-20260910-0062/src/validation/opt10_scale_prospective_q4096.py", line 51, in <module>
    if __name__=='__main__':main()
                            ^^^^^^
  File "/var/lib/cots-lamcts/jobs/opt10-scale-prospective-q4096-20260910-0062/src/validation/opt10_scale_prospective_q4096.py", line 21, in main
    if a.state:return one(json.loads(a.state),a.out)
                      ^^^^^^^^^^^^^^^^^^^^^^^^^^^^^^
  File "/var/lib/cots-lamcts/jobs/opt10-scale-prospective-q4096-20260910-0062/src/validation/opt10_scale_prospective_q4096.py", line 15, in one
    from evaluator import market_final_direct_q4096_v4 as E
  File "/var/lib/cots-lamcts/jobs/opt10-scale-prospective-q4096-20260910-0062/src/evaluator/market_final_direct_q4096_v4.py", line 25, in <module>
    _SPEC=importlib.util.spec_from_file_location('M',str(_CORE_PATH)); M=importlib.util.module_from_spec(_SPEC); _SPEC.loader.exec_module(M)
                                                                                                                 ^^^^^^^^^^^^^^^^^^^^^^^^^^^
  File "/var/lib/cots-lamcts/jobs/opt10-scale-prospective-q4096-20260910-0062/src/core/mandler_benchmark_core.py", line 6, in <module>
    from sklearn.svm import SVC
ModuleNotFoundError: No module named 'sklearn'

eval pretrain_256 2 Traceback (most recent call last):
  File "/var/lib/cots-lamcts/jobs/opt10-scale-prospective-q4096-20260910-0062/src/validation/opt10_scale_prospective_q4096.py", line 51, in <module>
    if __name__=='__main__':main()
                            ^^^^^^
  File "/var/lib/cots-lamcts/jobs/opt10-scale-prospective-q4096-20260910-0062/src/validation/opt10_scale_prospective_q4096.py", line 21, in main
    if a.state:return one(json.loads(a.state),a.out)
                      ^^^^^^^^^^^^^^^^^^^^^^^^^^^^^^
  File "/var/lib/cots-lamcts/jobs/opt10-scale-prospective-q4096-20260910-0062/src/validation/opt10_scale_prospective_q4096.py", line 15, in one
    from evaluator import market_final_direct_q4096_v4 as E
  File "/var/lib/cots-lamcts/jobs/opt10-scale-prospective-q4096-20260910-0062/src/evaluator/market_final_direct_q4096_v4.py", line 25, in <module>
    _SPEC=importlib.util.spec_from_file_location('M',str(_CORE_PATH)); M=importlib.util.module_from_spec(_SPEC); _SPEC.loader.exec_module(M)
                                                                                                                 ^^^^^^^^^^^^^^^^^^^^^^^^^^^
  File "/var/lib/cots-lamcts/jobs/opt10-scale-prospective-q4096-20260910-0062/src/core/mandler_benchmark_core.py", line 6, in <module>
    from sklearn.svm import SVC
ModuleNotFoundError: No module named 'sklearn'

eval pretrain_256 1 Traceback (most recent call last):
  File "/var/lib/cots-lamcts/jobs/opt10-scale-prospective-q4096-20260910-0062/src/validation/opt10_scale_prospective_q4096.py", line 51, in <module>
    if __name__=='__main__':main()
                            ^^^^^^
  File "/var/lib/cots-lamcts/jobs/opt10-scale-prospective-q4096-20260910-0062/src/validation/opt10_scale_prospective_q4096.py", line 21, in main
    if a.state:return one(json.loads(a.state),a.out)
                      ^^^^^^^^^^^^^^^^^^^^^^^^^^^^^^
  File "/var/lib/cots-lamcts/jobs/opt10-scale-prospective-q4096-20260910-0062/src/validation/opt10_scale_prospective_q4096.py", line 15, in one
    from evaluator import market_final_direct_q4096_v4 as E
  File "/var/lib/cots-lamcts/jobs/opt10-scale-prospective-q4096-20260910-0062/src/evaluator/market_final_direct_q4096_v4.py", line 25, in <module>
    _SPEC=importlib.util.spec_from_file_location('M',str(_CORE_PATH)); M=importlib.util.module_from_spec(_SPEC); _SPEC.loader.exec_module(M)
                                                                                                                 ^^^^^^^^^^^^^^^^^^^^^^^^^^^
  File "/var/lib/cots-lamcts/jobs/opt10-scale-prospective-q4096-20260910-0062/src/core/mandler_benchmark_core.py", line 6, in <module>
    from sklearn.svm import SVC
ModuleNotFoundError: No module named 'sklearn'

eval pretrain_256 3 Traceback (most recent call last):
  File "/var/lib/cots-lamcts/jobs/opt10-scale-prospective-q4096-20260910-0062/src/validation/opt10_scale_prospective_q4096.py", line 51, in <module>
    if __name__=='__main__':main()
                            ^^^^^^
  File "/var/lib/cots-lamcts/jobs/opt10-scale-prospective-q4096-20260910-0062/src/validation/opt10_scale_prospective_q4096.py", line 21, in main
    if a.state:return one(json.loads(a.state),a.out)
                      ^^^^^^^^^^^^^^^^^^^^^^^^^^^^^^
  File "/var/lib/cots-lamcts/jobs/opt10-scale-prospective-q4096-20260910-0062/src/validation/opt10_scale_prospective_q4096.py", line 15, in one
    from evaluator import market_final_direct_q4096_v4 as E
  File "/var/lib/cots-lamcts/jobs/opt10-scale-prospective-q4096-20260910-0062/src/evaluator/market_final_direct_q4096_v4.py", line 25, in <module>
    _SPEC=importlib.util.spec_from_file_location('M',str(_CORE_PATH)); M=importlib.util.module_from_spec(_SPEC); _SPEC.loader.exec_module(M)
                                                                                                                 ^^^^^^^^^^^^^^^^^^^^^^^^^^^
  File "/var/lib/cots-lamcts/jobs/opt10-scale-prospective-q4096-20260910-0062/src/core/mandler_benchmark_core.py", line 6, in <module>
    from sklearn.svm import SVC
ModuleNotFoundError: No module named 'sklearn'

eval pretrain_256 4 Traceback (most recent call last):
  File "/var/lib/cots-lamcts/jobs/opt10-scale-prospective-q4096-20260910-0062/src/validation/opt10_scale_prospective_q4096.py", line 51, in <module>
    if __name__=='__main__':main()
                            ^^^^^^
  File "/var/lib/cots-lamcts/jobs/opt10-scale-prospective-q4096-20260910-0062/src/validation/opt10_scale_prospective_q4096.py", line 21, in main
    if a.state:return one(json.loads(a.state),a.out)
                      ^^^^^^^^^^^^^^^^^^^^^^^^^^^^^^
  File "/var/lib/cots-lamcts/jobs/opt10-scale-prospective-q4096-20260910-0062/src/validation/opt10_scale_prospective_q4096.py", line 15, in one
    from evaluator import market_final_direct_q4096_v4 as E
  File "/var/lib/cots-lamcts/jobs/opt10-scale-prospective-q4096-20260910-0062/src/evaluator/market_final_direct_q4096_v4.py", line 25, in <module>
    _SPEC=importlib.util.spec_from_file_location('M',str(_CORE_PATH)); M=importlib.util.module_from_spec(_SPEC); _SPEC.loader.exec_module(M)
                                                                                                                 ^^^^^^^^^^^^^^^^^^^^^^^^^^^
  File "/var/lib/cots-lamcts/jobs/opt10-scale-prospective-q4096-20260910-0062/src/core/mandler_benchmark_core.py", line 6, in <module>
    from sklearn.svm import SVC
ModuleNotFoundError: No module named 'sklearn'

eval pretrain_256 5 Traceback (most recent call last):
  File "/var/lib/cots-lamcts/jobs/opt10-scale-prospective-q4096-20260910-0062/src/validation/opt10_scale_prospective_q4096.py", line 51, in <module>
    if __name__=='__main__':main()
                            ^^^^^^
  File "/var/lib/cots-lamcts/jobs/opt10-scale-prospective-q4096-20260910-0062/src/validation/opt10_scale_prospective_q4096.py", line 21, in main
    if a.state:return one(json.loads(a.state),a.out)
                      ^^^^^^^^^^^^^^^^^^^^^^^^^^^^^^
  File "/var/lib/cots-lamcts/jobs/opt10-scale-prospective-q4096-20260910-0062/src/validation/opt10_scale_prospective_q4096.py", line 15, in one
    from evaluator import market_final_direct_q4096_v4 as E
  File "/var/lib/cots-lamcts/jobs/opt10-scale-prospective-q4096-20260910-0062/src/evaluator/market_final_direct_q4096_v4.py", line 25, in <module>
    _SPEC=importlib.util.spec_from_file_location('M',str(_CORE_PATH)); M=importlib.util.module_from_spec(_SPEC); _SPEC.loader.exec_module(M)
                                                                                                                 ^^^^^^^^^^^^^^^^^^^^^^^^^^^
  File "/var/lib/cots-lamcts/jobs/opt10-scale-prospective-q4096-20260910-0062/src/core/mandler_benchmark_core.py", line 6, in <module>
    from sklearn.svm import SVC
ModuleNotFoundError: No module named 'sklearn'

eval pretrain_1024 0 Traceback (most recent call last):
  File "/var/lib/cots-lamcts/jobs/opt10-scale-prospective-q4096-20260910-0062/src/validation/opt10_scale_prospective_q4096.py", line 51, in <module>
    if __name__=='__main__':main()
                            ^^^^^^
  File "/var/lib/cots-lamcts/jobs/opt10-scale-prospective-q4096-20260910-0062/src/validation/opt10_scale_prospective_q4096.py", line 21, in main
    if a.state:return one(json.loads(a.state),a.out)
                      ^^^^^^^^^^^^^^^^^^^^^^^^^^^^^^
  File "/var/lib/cots-lamcts/jobs/opt10-scale-prospective-q4096-20260910-0062/src/validation/opt10_scale_prospective_q4096.py", line 15, in one
    from evaluator import market_final_direct_q4096_v4 as E
  File "/var/lib/cots-lamcts/jobs/opt10-scale-prospective-q4096-20260910-0062/src/evaluator/market_final_direct_q4096_v4.py", line 25, in <module>
    _SPEC=importlib.util.spec_from_file_location('M',str(_CORE_PATH)); M=importlib.util.module_from_spec(_SPEC); _SPEC.loader.exec_module(M)
                                                                                                                 ^^^^^^^^^^^^^^^^^^^^^^^^^^^
  File "/var/lib/cots-lamcts/jobs/opt10-scale-prospective-q4096-20260910-0062/src/core/mandler_benchmark_core.py", line 6, in <module>
    from sklearn.svm import SVC
ModuleNotFoundError: No module named 'sklearn'

eval pretrain_1024 1 Traceback (most recent call last):
  File "/var/lib/cots-lamcts/jobs/opt10-scale-prospective-q4096-20260910-0062/src/validation/opt10_scale_prospective_q4096.py", line 51, in <module>
    if __name__=='__main__':main()
                            ^^^^^^
  File "/var/lib/cots-lamcts/jobs/opt10-scale-prospective-q4096-20260910-0062/src/validation/opt10_scale_prospective_q4096.py", line 21, in main
    if a.state:return one(json.loads(a.state),a.out)
                      ^^^^^^^^^^^^^^^^^^^^^^^^^^^^^^
  File "/var/lib/cots-lamcts/jobs/opt10-scale-prospective-q4096-20260910-0062/src/validation/opt10_scale_prospective_q4096.py", line 15, in one
    from evaluator import market_final_direct_q4096_v4 as E
  File "/var/lib/cots-lamcts/jobs/opt10-scale-prospective-q4096-20260910-0062/src/evaluator/market_final_direct_q4096_v4.py", line 25, in <module>
    _SPEC=importlib.util.spec_from_file_location('M',str(_CORE_PATH)); M=importlib.util.module_from_spec(_SPEC); _SPEC.loader.exec_module(M)
                                                                                                                 ^^^^^^^^^^^^^^^^^^^^^^^^^^^
  File "/var/lib/cots-lamcts/jobs/opt10-scale-prospective-q4096-20260910-0062/src/core/mandler_benchmark_core.py", line 6, in <module>
    from sklearn.svm import SVC
ModuleNotFoundError: No module named 'sklearn'

eval pretrain_256 6 Traceback (most recent call last):
  File "/var/lib/cots-lamcts/jobs/opt10-scale-prospective-q4096-20260910-0062/src/validation/opt10_scale_prospective_q4096.py", line 51, in <module>
    if __name__=='__main__':main()
                            ^^^^^^
  File "/var/lib/cots-lamcts/jobs/opt10-scale-prospective-q4096-20260910-0062/src/validation/opt10_scale_prospective_q4096.py", line 21, in main
    if a.state:return one(json.loads(a.state),a.out)
                      ^^^^^^^^^^^^^^^^^^^^^^^^^^^^^^
  File "/var/lib/cots-lamcts/jobs/opt10-scale-prospective-q4096-20260910-0062/src/validation/opt10_scale_prospective_q4096.py", line 15, in one
    from evaluator import market_final_direct_q4096_v4 as E
  File "/var/lib/cots-lamcts/jobs/opt10-scale-prospective-q4096-20260910-0062/src/evaluator/market_final_direct_q4096_v4.py", line 25, in <module>
    _SPEC=importlib.util.spec_from_file_location('M',str(_CORE_PATH)); M=importlib.util.module_from_spec(_SPEC); _SPEC.loader.exec_module(M)
                                                                                                                 ^^^^^^^^^^^^^^^^^^^^^^^^^^^
  File "/var/lib/cots-lamcts/jobs/opt10-scale-prospective-q4096-20260910-0062/src/core/mandler_benchmark_core.py", line 6, in <module>
    from sklearn.svm import SVC
ModuleNotFoundError: No module named 'sklearn'

eval pretrain_256 7 Traceback (most recent call last):
  File "/var/lib/cots-lamcts/jobs/opt10-scale-prospective-q4096-20260910-0062/src/validation/opt10_scale_prospective_q4096.py", line 51, in <module>
    if __name__=='__main__':main()
                            ^^^^^^
  File "/var/lib/cots-lamcts/jobs/opt10-scale-prospective-q4096-20260910-0062/src/validation/opt10_scale_prospective_q4096.py", line 21, in main
    if a.state:return one(json.loads(a.state),a.out)
                      ^^^^^^^^^^^^^^^^^^^^^^^^^^^^^^
  File "/var/lib/cots-lamcts/jobs/opt10-scale-prospective-q4096-20260910-0062/src/validation/opt10_scale_prospective_q4096.py", line 15, in one
    from evaluator import market_final_direct_q4096_v4 as E
  File "/var/lib/cots-lamcts/jobs/opt10-scale-prospective-q4096-20260910-0062/src/evaluator/market_final_direct_q4096_v4.py", line 25, in <module>
    _SPEC=importlib.util.spec_from_file_location('M',str(_CORE_PATH)); M=importlib.util.module_from_spec(_SPEC); _SPEC.loader.exec_module(M)
                                                                                                                 ^^^^^^^^^^^^^^^^^^^^^^^^^^^
  File "/var/lib/cots-lamcts/jobs/opt10-scale-prospective-q4096-20260910-0062/src/core/mandler_benchmark_core.py", line 6, in <module>
    from sklearn.svm import SVC
ModuleNotFoundError: No module named 'sklearn'

eval pretrain_1024 5 Traceback (most recent call last):
  File "/var/lib/cots-lamcts/jobs/opt10-scale-prospective-q4096-20260910-0062/src/validation/opt10_scale_prospective_q4096.py", line 51, in <module>
    if __name__=='__main__':main()
                            ^^^^^^
  File "/var/lib/cots-lamcts/jobs/opt10-scale-prospective-q4096-20260910-0062/src/validation/opt10_scale_prospective_q4096.py", line 21, in main
    if a.state:return one(json.loads(a.state),a.out)
                      ^^^^^^^^^^^^^^^^^^^^^^^^^^^^^^
  File "/var/lib/cots-lamcts/jobs/opt10-scale-prospective-q4096-20260910-0062/src/validation/opt10_scale_prospective_q4096.py", line 15, in one
    from evaluator import market_final_direct_q4096_v4 as E
  File "/var/lib/cots-lamcts/jobs/opt10-scale-prospective-q4096-20260910-0062/src/evaluator/market_final_direct_q4096_v4.py", line 25, in <module>
    _SPEC=importlib.util.spec_from_file_location('M',str(_CORE_PATH)); M=importlib.util.module_from_spec(_SPEC); _SPEC.loader.exec_module(M)
                                                                                                                 ^^^^^^^^^^^^^^^^^^^^^^^^^^^
  File "/var/lib/cots-lamcts/jobs/opt10-scale-prospective-q4096-20260910-0062/src/core/mandler_benchmark_core.py", line 6, in <module>
    from sklearn.svm import SVC
ModuleNotFoundError: No module named 'sklearn'

eval pretrain_1024 2 Traceback (most recent call last):
  File "/var/lib/cots-lamcts/jobs/opt10-scale-prospective-q4096-20260910-0062/src/validation/opt10_scale_prospective_q4096.py", line 51, in <module>
    if __name__=='__main__':main()
                            ^^^^^^
  File "/var/lib/cots-lamcts/jobs/opt10-scale-prospective-q4096-20260910-0062/src/validation/opt10_scale_prospective_q4096.py", line 21, in main
    if a.state:return one(json.loads(a.state),a.out)
                      ^^^^^^^^^^^^^^^^^^^^^^^^^^^^^^
  File "/var/lib/cots-lamcts/jobs/opt10-scale-prospective-q4096-20260910-0062/src/validation/opt10_scale_prospective_q4096.py", line 15, in one
    from evaluator import market_final_direct_q4096_v4 as E
  File "/var/lib/cots-lamcts/jobs/opt10-scale-prospective-q4096-20260910-0062/src/evaluator/market_final_direct_q4096_v4.py", line 25, in <module>
    _SPEC=importlib.util.spec_from_file_location('M',str(_CORE_PATH)); M=importlib.util.module_from_spec(_SPEC); _SPEC.loader.exec_module(M)
                                                                                                                 ^^^^^^^^^^^^^^^^^^^^^^^^^^^
  File "/var/lib/cots-lamcts/jobs/opt10-scale-prospective-q4096-20260910-0062/src/core/mandler_benchmark_core.py", line 6, in <module>
    from sklearn.svm import SVC
ModuleNotFoundError: No module named 'sklearn'

eval pretrain_1024 4 Traceback (most recent call last):
  File "/var/lib/cots-lamcts/jobs/opt10-scale-prospective-q4096-20260910-0062/src/validation/opt10_scale_prospective_q4096.py", line 51, in <module>
    if __name__=='__main__':main()
                            ^^^^^^
  File "/var/lib/cots-lamcts/jobs/opt10-scale-prospective-q4096-20260910-0062/src/validation/opt10_scale_prospective_q4096.py", line 21, in main
    if a.state:return one(json.loads(a.state),a.out)
                      ^^^^^^^^^^^^^^^^^^^^^^^^^^^^^^
  File "/var/lib/cots-lamcts/jobs/opt10-scale-prospective-q4096-20260910-0062/src/validation/opt10_scale_prospective_q4096.py", line 15, in one
    from evaluator import market_final_direct_q4096_v4 as E
  File "/var/lib/cots-lamcts/jobs/opt10-scale-prospective-q4096-20260910-0062/src/evaluator/market_final_direct_q4096_v4.py", line 25, in <module>
    _SPEC=importlib.util.spec_from_file_location('M',str(_CORE_PATH)); M=importlib.util.module_from_spec(_SPEC); _SPEC.loader.exec_module(M)
                                                                                                                 ^^^^^^^^^^^^^^^^^^^^^^^^^^^
  File "/var/lib/cots-lamcts/jobs/opt10-scale-prospective-q4096-20260910-0062/src/core/mandler_benchmark_core.py", line 6, in <module>
    from sklearn.svm import SVC
ModuleNotFoundError: No module named 'sklearn'

eval pretrain_1024 3 Traceback (most recent call last):
  File "/var/lib/cots-lamcts/jobs/opt10-scale-prospective-q4096-20260910-0062/src/validation/opt10_scale_prospective_q4096.py", line 51, in <module>
    if __name__=='__main__':main()
                            ^^^^^^
  File "/var/lib/cots-lamcts/jobs/opt10-scale-prospective-q4096-20260910-0062/src/validation/opt10_scale_prospective_q4096.py", line 21, in main
    if a.state:return one(json.loads(a.state),a.out)
                      ^^^^^^^^^^^^^^^^^^^^^^^^^^^^^^
  File "/var/lib/cots-lamcts/jobs/opt10-scale-prospective-q4096-20260910-0062/src/validation/opt10_scale_prospective_q4096.py", line 15, in one
    from evaluator import market_final_direct_q4096_v4 as E
  File "/var/lib/cots-lamcts/jobs/opt10-scale-prospective-q4096-20260910-0062/src/evaluator/market_final_direct_q4096_v4.py", line 25, in <module>
    _SPEC=importlib.util.spec_from_file_location('M',str(_CORE_PATH)); M=importlib.util.module_from_spec(_SPEC); _SPEC.loader.exec_module(M)
                                                                                                                 ^^^^^^^^^^^^^^^^^^^^^^^^^^^
  File "/var/lib/cots-lamcts/jobs/opt10-scale-prospective-q4096-20260910-0062/src/core/mandler_benchmark_core.py", line 6, in <module>
    from sklearn.svm import SVC
ModuleNotFoundError: No module named 'sklearn'

eval pretrain_1024 6 Traceback (most recent call last):
  File "/var/lib/cots-lamcts/jobs/opt10-scale-prospective-q4096-20260910-0062/src/validation/opt10_scale_prospective_q4096.py", line 51, in <module>
    if __name__=='__main__':main()
                            ^^^^^^
  File "/var/lib/cots-lamcts/jobs/opt10-scale-prospective-q4096-20260910-0062/src/validation/opt10_scale_prospective_q4096.py", line 21, in main
    if a.state:return one(json.loads(a.state),a.out)
                      ^^^^^^^^^^^^^^^^^^^^^^^^^^^^^^
  File "/var/lib/cots-lamcts/jobs/opt10-scale-prospective-q4096-20260910-0062/src/validation/opt10_scale_prospective_q4096.py", line 15, in one
    from evaluator import market_final_direct_q4096_v4 as E
  File "/var/lib/cots-lamcts/jobs/opt10-scale-prospective-q4096-20260910-0062/src/evaluator/market_final_direct_q4096_v4.py", line 25, in <module>
    _SPEC=importlib.util.spec_from_file_location('M',str(_CORE_PATH)); M=importlib.util.module_from_spec(_SPEC); _SPEC.loader.exec_module(M)
                                                                                                                 ^^^^^^^^^^^^^^^^^^^^^^^^^^^
  File "/var/lib/cots-lamcts/jobs/opt10-scale-prospective-q4096-20260910-0062/src/core/mandler_benchmark_core.py", line 6, in <module>
    from sklearn.svm import SVC
ModuleNotFoundError: No module named 'sklearn'

eval pretrain_1024 7 Traceback (most recent call last):
  File "/var/lib/cots-lamcts/jobs/opt10-scale-prospective-q4096-20260910-0062/src/validation/opt10_scale_prospective_q4096.py", line 51, in <module>
    if __name__=='__main__':main()
                            ^^^^^^
  File "/var/lib/cots-lamcts/jobs/opt10-scale-prospective-q4096-20260910-0062/src/validation/opt10_scale_prospective_q4096.py", line 21, in main
    if a.state:return one(json.loads(a.state),a.out)
                      ^^^^^^^^^^^^^^^^^^^^^^^^^^^^^^
  File "/var/lib/cots-lamcts/jobs/opt10-scale-prospective-q4096-20260910-0062/src/validation/opt10_scale_prospective_q4096.py", line 15, in one
    from evaluator import market_final_direct_q4096_v4 as E
  File "/var/lib/cots-lamcts/jobs/opt10-scale-prospective-q4096-20260910-0062/src/evaluator/market_final_direct_q4096_v4.py", line 25, in <module>
    _SPEC=importlib.util.spec_from_file_location('M',str(_CORE_PATH)); M=importlib.util.module_from_spec(_SPEC); _SPEC.loader.exec_module(M)
                                                                                                                 ^^^^^^^^^^^^^^^^^^^^^^^^^^^
  File "/var/lib/cots-lamcts/jobs/opt10-scale-prospective-q4096-20260910-0062/src/core/mandler_benchmark_core.py", line 6, in <module>
    from sklearn.svm import SVC
ModuleNotFoundError: No module named 'sklearn'

eval random 0 Traceback (most recent call last):
  File "/var/lib/cots-lamcts/jobs/opt10-scale-prospective-q4096-20260910-0062/src/validation/opt10_scale_prospective_q4096.py", line 51, in <module>
    if __name__=='__main__':main()
                            ^^^^^^
  File "/var/lib/cots-lamcts/jobs/opt10-scale-prospective-q4096-20260910-0062/src/validation/opt10_scale_prospective_q4096.py", line 21, in main
    if a.state:return one(json.loads(a.state),a.out)
                      ^^^^^^^^^^^^^^^^^^^^^^^^^^^^^^
  File "/var/lib/cots-lamcts/jobs/opt10-scale-prospective-q4096-20260910-0062/src/validation/opt10_scale_prospective_q4096.py", line 15, in one
    from evaluator import market_final_direct_q4096_v4 as E
  File "/var/lib/cots-lamcts/jobs/opt10-scale-prospective-q4096-20260910-0062/src/evaluator/market_final_direct_q4096_v4.py", line 25, in <module>
    _SPEC=importlib.util.spec_from_file_location('M',str(_CORE_PATH)); M=importlib.util.module_from_spec(_SPEC); _SPEC.loader.exec_module(M)
                                                                                                                 ^^^^^^^^^^^^^^^^^^^^^^^^^^^
  File "/var/lib/cots-lamcts/jobs/opt10-scale-prospective-q4096-20260910-0062/src/core/mandler_benchmark_core.py", line 6, in <module>
    from sklearn.svm import SVC
ModuleNotFoundError: No module named 'sklearn'

eval random 1 Traceback (most recent call last):
  File "/var/lib/cots-lamcts/jobs/opt10-scale-prospective-q4096-20260910-0062/src/validation/opt10_scale_prospective_q4096.py", line 51, in <module>
    if __name__=='__main__':main()
                            ^^^^^^
  File "/var/lib/cots-lamcts/jobs/opt10-scale-prospective-q4096-20260910-0062/src/validation/opt10_scale_prospective_q4096.py", line 21, in main
    if a.state:return one(json.loads(a.state),a.out)
                      ^^^^^^^^^^^^^^^^^^^^^^^^^^^^^^
  File "/var/lib/cots-lamcts/jobs/opt10-scale-prospective-q4096-20260910-0062/src/validation/opt10_scale_prospective_q4096.py", line 15, in one
    from evaluator import market_final_direct_q4096_v4 as E
  File "/var/lib/cots-lamcts/jobs/opt10-scale-prospective-q4096-20260910-0062/src/evaluator/market_final_direct_q4096_v4.py", line 25, in <module>
    _SPEC=importlib.util.spec_from_file_location('M',str(_CORE_PATH)); M=importlib.util.module_from_spec(_SPEC); _SPEC.loader.exec_module(M)
                                                                                                                 ^^^^^^^^^^^^^^^^^^^^^^^^^^^
  File "/var/lib/cots-lamcts/jobs/opt10-scale-prospective-q4096-20260910-0062/src/core/mandler_benchmark_core.py", line 6, in <module>
    from sklearn.svm import SVC
ModuleNotFoundError: No module named 'sklearn'

eval random 2 Traceback (most recent call last):
  File "/var/lib/cots-lamcts/jobs/opt10-scale-prospective-q4096-20260910-0062/src/validation/opt10_scale_prospective_q4096.py", line 51, in <module>
    if __name__=='__main__':main()
                            ^^^^^^
  File "/var/lib/cots-lamcts/jobs/opt10-scale-prospective-q4096-20260910-0062/src/validation/opt10_scale_prospective_q4096.py", line 21, in main
    if a.state:return one(json.loads(a.state),a.out)
                      ^^^^^^^^^^^^^^^^^^^^^^^^^^^^^^
  File "/var/lib/cots-lamcts/jobs/opt10-scale-prospective-q4096-20260910-0062/src/validation/opt10_scale_prospective_q4096.py", line 15, in one
    from evaluator import market_final_direct_q4096_v4 as E
  File "/var/lib/cots-lamcts/jobs/opt10-scale-prospective-q4096-20260910-0062/src/evaluator/market_final_direct_q4096_v4.py", line 25, in <module>
    _SPEC=importlib.util.spec_from_file_location('M',str(_CORE_PATH)); M=importlib.util.module_from_spec(_SPEC); _SPEC.loader.exec_module(M)
                                                                                                                 ^^^^^^^^^^^^^^^^^^^^^^^^^^^
  File "/var/lib/cots-lamcts/jobs/opt10-scale-prospective-q4096-20260910-0062/src/core/mandler_benchmark_core.py", line 6, in <module>
    from sklearn.svm import SVC
ModuleNotFoundError: No module named 'sklearn'

eval random 3 Traceback (most recent call last):
  File "/var/lib/cots-lamcts/jobs/opt10-scale-prospective-q4096-20260910-0062/src/validation/opt10_scale_prospective_q4096.py", line 51, in <module>
    if __name__=='__main__':main()
                            ^^^^^^
  File "/var/lib/cots-lamcts/jobs/opt10-scale-prospective-q4096-20260910-0062/src/validation/opt10_scale_prospective_q4096.py", line 21, in main
    if a.state:return one(json.loads(a.state),a.out)
                      ^^^^^^^^^^^^^^^^^^^^^^^^^^^^^^
  File "/var/lib/cots-lamcts/jobs/opt10-scale-prospective-q4096-20260910-0062/src/validation/opt10_scale_prospective_q4096.py", line 15, in one
    from evaluator import market_final_direct_q4096_v4 as E
  File "/var/lib/cots-lamcts/jobs/opt10-scale-prospective-q4096-20260910-0062/src/evaluator/market_final_direct_q4096_v4.py", line 25, in <module>
    _SPEC=importlib.util.spec_from_file_location('M',str(_CORE_PATH)); M=importlib.util.module_from_spec(_SPEC); _SPEC.loader.exec_module(M)
                                                                                                                 ^^^^^^^^^^^^^^^^^^^^^^^^^^^
  File "/var/lib/cots-lamcts/jobs/opt10-scale-prospective-q4096-20260910-0062/src/core/mandler_benchmark_core.py", line 6, in <module>
    from sklearn.svm import SVC
ModuleNotFoundError: No module named 'sklearn'

eval random 5 Traceback (most recent call last):
  File "/var/lib/cots-lamcts/jobs/opt10-scale-prospective-q4096-20260910-0062/src/validation/opt10_scale_prospective_q4096.py", line 51, in <module>
    if __name__=='__main__':main()
                            ^^^^^^
  File "/var/lib/cots-lamcts/jobs/opt10-scale-prospective-q4096-20260910-0062/src/validation/opt10_scale_prospective_q4096.py", line 21, in main
    if a.state:return one(json.loads(a.state),a.out)
                      ^^^^^^^^^^^^^^^^^^^^^^^^^^^^^^
  File "/var/lib/cots-lamcts/jobs/opt10-scale-prospective-q4096-20260910-0062/src/validation/opt10_scale_prospective_q4096.py", line 15, in one
    from evaluator import market_final_direct_q4096_v4 as E
  File "/var/lib/cots-lamcts/jobs/opt10-scale-prospective-q4096-20260910-0062/src/evaluator/market_final_direct_q4096_v4.py", line 25, in <module>
    _SPEC=importlib.util.spec_from_file_location('M',str(_CORE_PATH)); M=importlib.util.module_from_spec(_SPEC); _SPEC.loader.exec_module(M)
                                                                                                                 ^^^^^^^^^^^^^^^^^^^^^^^^^^^
  File "/var/lib/cots-lamcts/jobs/opt10-scale-prospective-q4096-20260910-0062/src/core/mandler_benchmark_core.py", line 6, in <module>
    from sklearn.svm import SVC
ModuleNotFoundError: No module named 'sklearn'

eval random 4 Traceback (most recent call last):
  File "/var/lib/cots-lamcts/jobs/opt10-scale-prospective-q4096-20260910-0062/src/validation/opt10_scale_prospective_q4096.py", line 51, in <module>
    if __name__=='__main__':main()
                            ^^^^^^
  File "/var/lib/cots-lamcts/jobs/opt10-scale-prospective-q4096-20260910-0062/src/validation/opt10_scale_prospective_q4096.py", line 21, in main
    if a.state:return one(json.loads(a.state),a.out)
                      ^^^^^^^^^^^^^^^^^^^^^^^^^^^^^^
  File "/var/lib/cots-lamcts/jobs/opt10-scale-prospective-q4096-20260910-0062/src/validation/opt10_scale_prospective_q4096.py", line 15, in one
    from evaluator import market_final_direct_q4096_v4 as E
  File "/var/lib/cots-lamcts/jobs/opt10-scale-prospective-q4096-20260910-0062/src/evaluator/market_final_direct_q4096_v4.py", line 25, in <module>
    _SPEC=importlib.util.spec_from_file_location('M',str(_CORE_PATH)); M=importlib.util.module_from_spec(_SPEC); _SPEC.loader.exec_module(M)
                                                                                                                 ^^^^^^^^^^^^^^^^^^^^^^^^^^^
  File "/var/lib/cots-lamcts/jobs/opt10-scale-prospective-q4096-20260910-0062/src/core/mandler_benchmark_core.py", line 6, in <module>
    from sklearn.svm import SVC
ModuleNotFoundError: No module named 'sklearn'

eval random 6 Traceback (most recent call last):
  File "/var/lib/cots-lamcts/jobs/opt10-scale-prospective-q4096-20260910-0062/src/validation/opt10_scale_prospective_q4096.py", line 51, in <module>
    if __name__=='__main__':main()
                            ^^^^^^
  File "/var/lib/cots-lamcts/jobs/opt10-scale-prospective-q4096-20260910-0062/src/validation/opt10_scale_prospective_q4096.py", line 21, in main
    if a.state:return one(json.loads(a.state),a.out)
                      ^^^^^^^^^^^^^^^^^^^^^^^^^^^^^^
  File "/var/lib/cots-lamcts/jobs/opt10-scale-prospective-q4096-20260910-0062/src/validation/opt10_scale_prospective_q4096.py", line 15, in one
    from evaluator import market_final_direct_q4096_v4 as E
  File "/var/lib/cots-lamcts/jobs/opt10-scale-prospective-q4096-20260910-0062/src/evaluator/market_final_direct_q4096_v4.py", line 25, in <module>
    _SPEC=importlib.util.spec_from_file_location('M',str(_CORE_PATH)); M=importlib.util.module_from_spec(_SPEC); _SPEC.loader.exec_module(M)
                                                                                                                 ^^^^^^^^^^^^^^^^^^^^^^^^^^^
  File "/var/lib/cots-lamcts/jobs/opt10-scale-prospective-q4096-20260910-0062/src/core/mandler_benchmark_core.py", line 6, in <module>
    from sklearn.svm import SVC
ModuleNotFoundError: No module named 'sklearn'

eval random 7 Traceback (most recent call last):
  File "/var/lib/cots-lamcts/jobs/opt10-scale-prospective-q4096-20260910-0062/src/validation/opt10_scale_prospective_q4096.py", line 51, in <module>
    if __name__=='__main__':main()
                            ^^^^^^
  File "/var/lib/cots-lamcts/jobs/opt10-scale-prospective-q4096-20260910-0062/src/validation/opt10_scale_prospective_q4096.py", line 21, in main
    if a.state:return one(json.loads(a.state),a.out)
                      ^^^^^^^^^^^^^^^^^^^^^^^^^^^^^^
  File "/var/lib/cots-lamcts/jobs/opt10-scale-prospective-q4096-20260910-0062/src/validation/opt10_scale_prospective_q4096.py", line 15, in one
    from evaluator import market_final_direct_q4096_v4 as E
  File "/var/lib/cots-lamcts/jobs/opt10-scale-prospective-q4096-20260910-0062/src/evaluator/market_final_direct_q4096_v4.py", line 25, in <module>
    _SPEC=importlib.util.spec_from_file_location('M',str(_CORE_PATH)); M=importlib.util.module_from_spec(_SPEC); _SPEC.loader.exec_module(M)
                                                                                                                 ^^^^^^^^^^^^^^^^^^^^^^^^^^^
  File "/var/lib/cots-lamcts/jobs/opt10-scale-prospective-q4096-20260910-0062/src/core/mandler_benchmark_core.py", line 6, in <module>
    from sklearn.svm import SVC
ModuleNotFoundError: No module named 'sklearn'

/var/lib/cots-lamcts/jobs/opt10-scale-prospective-q4096-20260910-0062/src/validation/opt10_scale_prospective_q4096.py:42: RuntimeWarning: Mean of empty slice.
  return {'n':int(len(j)),'mean_J':float(j.mean()),'median_J':float(np.median(j)),'best_J':float(j.min()),'worst_J':float(j.max())}
/usr/lib/python3/dist-packages/numpy/core/_methods.py:129: RuntimeWarning: invalid value encountered in scalar divide
  ret = ret.dtype.type(ret / rcount)
/usr/lib/python3/dist-packages/numpy/core/fromnumeric.py:3504: RuntimeWarning: Mean of empty slice.
  return _methods._mean(a, axis=axis, dtype=dtype,
Traceback (most recent call last):
  File "/var/lib/cots-lamcts/jobs/opt10-scale-prospective-q4096-20260910-0062/src/validation/opt10_scale_prospective_q4096.py", line 51, in <module>
    if __name__=='__main__':main()
                            ^^^^^^
  File "/var/lib/cots-lamcts/jobs/opt10-scale-prospective-q4096-20260910-0062/src/validation/opt10_scale_prospective_q4096.py", line 43, in main
    out={'schema':'OPT1.0-scale-prospective-q4096-v1','groups':{g:{'stats':stats(rs),'rows':rs} for g,rs in rows.items()},'tests':{}}
                                                                           ^^^^^^^^^
  File "/var/lib/cots-lamcts/jobs/opt10-scale-prospective-q4096-20260910-0062/src/validation/opt10_scale_prospective_q4096.py", line 42, in stats
    return {'n':int(len(j)),'mean_J':float(j.mean()),'median_J':float(np.median(j)),'best_J':float(j.min()),'worst_J':float(j.max())}
                                                                                                   ^^^^^^^
  File "/usr/lib/python3/dist-packages/numpy/core/_methods.py", line 45, in _amin
    return umr_minimum(a, axis, None, out, keepdims, initial, where)
           ^^^^^^^^^^^^^^^^^^^^^^^^^^^^^^^^^^^^^^^^^^^^^^^^^^^^^^^^^
ValueError: zero-size array to reduction operation minimum which has no identity
