{
  "artifact_files": [],
  "best_q_in_tail": {
    "J": 17.985040982462767,
    "round": 572,
    "seed": 17,
    "state": "(0, 45, 4, 62)"
  },
  "last_complete_round": {
    "bestJ": 17.985040982462767,
    "best_state": "(0, 45, 4, 62)",
    "eligible": 10,
    "n": 9584,
    "round": 593
  },
  "log_exists": true,
  "log_mtime": 1789120596.8974164,
  "log_size": 543879,
  "pid": {
    "alive": true,
    "cmdline": "/var/lib/cots-lamcts/venv/bin/python -u /var/lib/cots-lamcts/jobs/optv1-transformer-only-meta-10k-20260910-1819/src/validation/_optv1_transformer_only_lamcts_runtime.py --seed 17 --budget 10000 --init 96 --batch 16 --pool 60000 --ensemble 3 --workers 32 --no-random",
    "pid": 1074792,
    "status": {
      "Name": "python",
      "PPid": "973464",
      "State": "S (sleeping)",
      "Threads": "30",
      "VmRSS": "2143884 kB",
      "VmSize": "27747048 kB"
    }
  },
  "target_dir_exists": true,
  "target_job": "optv1-transformer-only-meta-10k-20260910-1819"
}
